Archive member included because of file (symbol)

.\CortexM0\ARM_GCC_493\Debug\BLE_Transfer.a(cyfitter_cfg.o)
                              .\CortexM0\ARM_GCC_493\Debug\Cm0Start.o (cyfitter_cfg)
.\CortexM0\ARM_GCC_493\Debug\BLE_Transfer.a(BLE_System.o)
                              .\CortexM0\ARM_GCC_493\Debug\main.o (CyBle_GappStartAdvertisement)
.\CortexM0\ARM_GCC_493\Debug\BLE_Transfer.a(BLE_System_gatt.o)
                              .\CortexM0\ARM_GCC_493\Debug\main.o (cyBle_state)
.\CortexM0\ARM_GCC_493\Debug\BLE_Transfer.a(BLE_System_eventHandler.o)
                              .\CortexM0\ARM_GCC_493\Debug\BLE_Transfer.a(BLE_System.o) (cyBle_connHandle)
.\CortexM0\ARM_GCC_493\Debug\BLE_Transfer.a(BLE_System_custom.o)
                              .\CortexM0\ARM_GCC_493\Debug\BLE_Transfer.a(BLE_System.o) (CyBle_CustomInit)
.\CortexM0\ARM_GCC_493\Debug\BLE_Transfer.a(CyBootAsmGnu.o)
                              .\CortexM0\ARM_GCC_493\Debug\BLE_Transfer.a(cyfitter_cfg.o) (CyDelayCycles)
.\CortexM0\ARM_GCC_493\Debug\BLE_Transfer.a(CyLib.o)
                              .\CortexM0\ARM_GCC_493\Debug\BLE_Transfer.a(cyfitter_cfg.o) (CySysClkWriteImoFreq)
.\CortexM0\ARM_GCC_493\Debug\BLE_Transfer.a(cyPm.o)
                              .\CortexM0\ARM_GCC_493\Debug\main.o (CySysPmSetWakeupPolarity)
.\CortexM0\ARM_GCC_493\Debug\BLE_Transfer.a(CyLFClk.o)
                              .\CortexM0\ARM_GCC_493\Debug\BLE_Transfer.a(cyfitter_cfg.o) (CySysClkWcoStart)
.\CortexM0\ARM_GCC_493\Debug\BLE_Transfer.a(UART_Dbg_AsmGnu.o)
                              .\CortexM0\ARM_GCC_493\Debug\debug.o (UART_Dbg_PutChar)
.\CortexM0\ARM_GCC_493\Debug\BLE_Transfer.a(UART_Dbg.o)
                              .\CortexM0\ARM_GCC_493\Debug\main.o (UART_Dbg_Start)
.\CortexM0\ARM_GCC_493\Debug\BLE_Transfer.a(Button.o)
                              .\CortexM0\ARM_GCC_493\Debug\main.o (Button_Read)
.\CortexM0\ARM_GCC_493\Debug\BLE_Transfer.a(isr_Button.o)
                              .\CortexM0\ARM_GCC_493\Debug\main.o (isr_Button_StartEx)
.\CortexM0\ARM_GCC_493\Debug\BLE_Transfer.a(pwr_set.o)
                              .\CortexM0\ARM_GCC_493\Debug\main.o (pwr_set_Write)
C:\Program Files (x86)\Cypress\PSoC Creator\3.3\PSoC Creator\psoc\content\cycomponentlibrary\CyComponentLibrary.cylib\BLE_v3_10\Library\gccCyBLEStack_BLE_SOC_PERIPHERAL.a(CyBle.o)
                              .\CortexM0\ARM_GCC_493\Debug\BLE_Transfer.a(BLE_System_eventHandler.o) (CyBle_SetDeviceAddress)
C:\Program Files (x86)\Cypress\PSoC Creator\3.3\PSoC Creator\psoc\content\cycomponentlibrary\CyComponentLibrary.cylib\BLE_v3_10\Library\gccCyBLEStack_BLE_SOC_PERIPHERAL.a(CyBleStackMgrIP_Interface.o)
                              C:\Program Files (x86)\Cypress\PSoC Creator\3.3\PSoC Creator\psoc\content\cycomponentlibrary\CyComponentLibrary.cylib\BLE_v3_10\Library\gccCyBLEStack_BLE_SOC_PERIPHERAL.a(CyBle.o) (CyBleStackMgr_Init)
C:\Program Files (x86)\Cypress\PSoC Creator\3.3\PSoC Creator\psoc\content\cycomponentlibrary\CyComponentLibrary.cylib\BLE_v3_10\Library\gccCyBLEStack_BLE_SOC_PERIPHERAL.a(BT_os.o)
                              C:\Program Files (x86)\Cypress\PSoC Creator\3.3\PSoC Creator\psoc\content\cycomponentlibrary\CyComponentLibrary.cylib\BLE_v3_10\Library\gccCyBLEStack_BLE_SOC_PERIPHERAL.a(CyBleStackMgrIP_Interface.o) (cyBleStackMemoryConfig)
C:\Program Files (x86)\Cypress\PSoC Creator\3.3\PSoC Creator\psoc\content\cycomponentlibrary\CyComponentLibrary.cylib\BLE_v3_10\Library\gccCyBLEStack_BLE_SOC_PERIPHERAL.a(BT_timer.o)
                              C:\Program Files (x86)\Cypress\PSoC Creator\3.3\PSoC Creator\psoc\content\cycomponentlibrary\CyComponentLibrary.cylib\BLE_v3_10\Library\gccCyBLEStack_BLE_SOC_PERIPHERAL.a(CyBleStackMgrIP_Interface.o) (timer_init)
C:\Program Files (x86)\Cypress\PSoC Creator\3.3\PSoC Creator\psoc\content\cycomponentlibrary\CyComponentLibrary.cylib\BLE_v3_10\Library\gccCyBLEStack_BLE_SOC_PERIPHERAL.a(CyBleStackMgr_StackTaskHandler.o)
                              C:\Program Files (x86)\Cypress\PSoC Creator\3.3\PSoC Creator\psoc\content\cycomponentlibrary\CyComponentLibrary.cylib\BLE_v3_10\Library\gccCyBLEStack_BLE_SOC_PERIPHERAL.a(BT_timer.o) (BLE_STACK_TASK_EVT)
C:\Program Files (x86)\Cypress\PSoC Creator\3.3\PSoC Creator\psoc\content\cycomponentlibrary\CyComponentLibrary.cylib\BLE_v3_10\Library\gccCyBLEStack_BLE_SOC_PERIPHERAL.a(transport_sf.o)
                              C:\Program Files (x86)\Cypress\PSoC Creator\3.3\PSoC Creator\psoc\content\cycomponentlibrary\CyComponentLibrary.cylib\BLE_v3_10\Library\gccCyBLEStack_BLE_SOC_PERIPHERAL.a(CyBleStackMgr_StackTaskHandler.o) (hci_soft_transport_notify_data_received)
C:\Program Files (x86)\Cypress\PSoC Creator\3.3\PSoC Creator\psoc\content\cycomponentlibrary\CyComponentLibrary.cylib\BLE_v3_10\Library\gccCyBLEStack_BLE_SOC_PERIPHERAL.a(CyBleStackMgr_PSoCHal.o)
[...]
Memory Configuration

Name             Origin             Length             Attributes
rom              0x00000000         0x00020000         xr
ram              0x20000000         0x00004000         xrw
*default*        0x00000000         0xffffffff

Linker script and memory map

LOAD c:/program files (x86)/cypress/psoc creator/3.3/psoc creator/import/gnu/arm/4.9.3/bin/../lib/gcc/arm-none-eabi/4.9.3/armv6-m/crti.o
LOAD c:/program files (x86)/cypress/psoc creator/3.3/psoc creator/import/gnu/arm/4.9.3/bin/../lib/gcc/arm-none-eabi/4.9.3/armv6-m/crtbegin.o
LOAD c:/program files (x86)/cypress/psoc creator/3.3/psoc creator/import/gnu/arm/4.9.3/bin/../lib/gcc/arm-none-eabi/4.9.3/../../../../arm-none-eabi/lib/armv6-m/crt0.o
START GROUP
LOAD .\CortexM0\ARM_GCC_493\Debug\main.o
LOAD .\CortexM0\ARM_GCC_493\Debug\debug.o
LOAD .\CortexM0\ARM_GCC_493\Debug\cymetadata.o
LOAD .\CortexM0\ARM_GCC_493\Debug\Cm0Start.o
LOAD .\CortexM0\ARM_GCC_493\Debug\BLE_Transfer.a
LOAD C:\Program Files (x86)\Cypress\PSoC Creator\3.3\PSoC Creator\psoc\content\cycomponentlibrary\CyComponentLibrary.cylib\BLE_v3_10\Library\gccCyBLEStack_BLE_SOC_PERIPHERAL.a
LOAD C:\Program Files (x86)\Cypress\PSoC Creator\3.3\PSoC Creator\psoc\content\cycomponentlibrary\CyComponentLibrary.cylib\CortexM0\ARM_GCC_493\Debug\CyComponentLibrary.a
END GROUP
START GROUP
LOAD c:/program files (x86)/cypress/psoc creator/3.3/psoc creator/import/gnu/arm/4.9.3/bin/../lib/gcc/arm-none-eabi/4.9.3/armv6-m\libgcc.a
LOAD c:/program files (x86)/cypress/psoc creator/3.3/psoc creator/import/gnu/arm/4.9.3/bin/../lib/gcc/arm-none-eabi/4.9.3/../../../../arm-none-eabi/lib/armv6-m\libg_nano.a
LOAD c:/program files (x86)/cypress/psoc creator/3.3/psoc creator/import/gnu/arm/4.9.3/bin/../lib/gcc/arm-none-eabi/4.9.3/../../../../arm-none-eabi/lib/armv6-m\libc_nano.a
END GROUP
START GROUP
LOAD c:/program files (x86)/cypress/psoc creator/3.3/psoc creator/import/gnu/arm/4.9.3/bin/../lib/gcc/arm-none-eabi/4.9.3/armv6-m\libgcc.a
LOAD c:/program files (x86)/cypress/psoc creator/3.3/psoc creator/import/gnu/arm/4.9.3/bin/../lib/gcc/arm-none-eabi/4.9.3/../../../../arm-none-eabi/lib/armv6-m\libc_nano.a
END GROUP
LOAD c:/program files (x86)/cypress/psoc creator/3.3/psoc creator/import/gnu/arm/4.9.3/bin/../lib/gcc/arm-none-eabi/4.9.3/armv6-m/crtend.o
LOAD c:/program files (x86)/cypress/psoc creator/3.3/psoc creator/import/gnu/arm/4.9.3/bin/../lib/gcc/arm-none-eabi/4.9.3/armv6-m/crtn.o
START GROUP
LOAD c:/program files (x86)/cypress/psoc creator/3.3/psoc creator/import/gnu/arm/4.9.3/bin/../lib/gcc/arm-none-eabi/4.9.3/armv6-m\libgcc.a
LOAD c:/program files (x86)/cypress/psoc creator/3.3/psoc creator/import/gnu/arm/4.9.3/bin/../lib/gcc/arm-none-eabi/4.9.3/../../../../arm-none-eabi/lib/armv6-m\libc.a
LOAD c:/program files (x86)/cypress/psoc creator/3.3/psoc creator/import/gnu/arm/4.9.3/bin/../lib/gcc/arm-none-eabi/4.9.3/../../../../arm-none-eabi/lib/armv6-m\libnosys.a
END GROUP
                0x00000000                CY_APPL_ORIGIN = 0x0
                0x00000080                CY_FLASH_ROW_SIZE = 0x80
                0x00000001                CY_APPL_NUM = 0x1
                0x00000001                CY_APPL_MAX = 0x1
                0x00000040                CY_METADATA_SIZE = 0x40
                0x00000000                CY_APPL_LOADABLE = 0x0
                0x00000000                CY_CHECKSUM_EXCLUDE_SIZE = ALIGN (0x0, CY_FLASH_ROW_SIZE)
                0x00000000                CY_APP_FOR_STACK_AND_COPIER = 0x0
                0x20000c50                PROVIDE (__cy_heap_start, _end)
                0x00000001                PROVIDE (__cy_region_num, ((__cy_regions_end - __cy_regions) / 0x10))
                0x20004000                PROVIDE (__cy_stack, (ORIGIN (ram) + 0x4000))
                0x20003800                PROVIDE (__cy_heap_end, (__cy_stack - 0x800))

.cybootloader   0x00000000        0x0
 *(.cybootloader)
                0x00000000                appl1_start = CY_APPL_ORIGIN?CY_APPL_ORIGIN:ALIGN (CY_FLASH_ROW_SIZE)
                0x0000ff80                appl2_start = (appl1_start + ALIGN ((((0x20000 - appl1_start) - (0x2 * CY_FLASH_ROW_SIZE)) / 0x2), CY_FLASH_ROW_SIZE))
                0x00000000                appl_start = (CY_APPL_NUM == 0x1)?appl1_start:appl2_start
                0x00000001                cy_project_type_bootloader = (appl_start == 0x0)?0x1:0x0
                0x00000000                cy_project_type_app_for_stack_and_copier = (CY_APP_FOR_STACK_AND_COPIER == 0x1)?0x1:0x0

.text           0x00000000      0xc68
 CREATE_OBJECT_SYMBOLS
                0x00000000                PROVIDE (__cy_interrupt_vector, RomVectors)
 *(.romvectors)
 .romvectors    0x00000000       0x10 .\CortexM0\ARM_GCC_493\Debug\Cm0Start.o
                0x00000000                RomVectors
                0x00000001                ASSERT ((. != __cy_interrupt_vector), No interrupt vector)
                0x00000001                ASSERT (CY_APPL_ORIGIN?(SIZEOF (.cybootloader) <= CY_APPL_ORIGIN):0x1, Wrong image location)
                0x00000010                PROVIDE (__cy_reset, Reset)
 *(.text.Reset)
 .text.Reset    0x00000010        0x8 .\CortexM0\ARM_GCC_493\Debug\Cm0Start.o
                0x00000010                Reset
                0x00000001                ASSERT ((. != __cy_reset), No reset code)
 *(.psocinit)
 .psocinit      0x00000018      0x1b0 .\CortexM0\ARM_GCC_493\Debug\BLE_Transfer.a(cyfitter_cfg.o)
                0x000000b4                cyfitter_cfg
                0x000001c8                . = MAX (., 0x100)
 *(.text .text.* .gnu.linkonce.t.*)
 .text          0x000001c8       0x60 c:/program files (x86)/cypress/psoc creator/3.3/psoc creator/import/gnu/arm/4.9.3/bin/../lib/gcc/arm-none-eabi/4.9.3/armv6-m/crtbegin.o
 .text.WakeupIsrHandler
                0x00000228        0xc .\CortexM0\ARM_GCC_493\Debug\main.o
                0x00000228                WakeupIsrHandler
 .text.EnableStop
                0x00000234       0x18 .\CortexM0\ARM_GCC_493\Debug\main.o
 .text.main     0x0000024c       0x70 .\CortexM0\ARM_GCC_493\Debug\main.o
                0x0000024c                main
 .text.DebugCode
                0x000002bc       0x38 .\CortexM0\ARM_GCC_493\Debug\debug.o
                0x000002bc                DebugCode
 .text.convert  0x000002f4       0x3c .\CortexM0\ARM_GCC_493\Debug\debug.o
                0x000002f4                convert
 .text.sk_printf
                0x00000330       0xa8 .\CortexM0\ARM_GCC_493\Debug\debug.o
                0x00000330                sk_printf
 .text.IntDefaultHandler
                0x000003d8        0x4 .\CortexM0\ARM_GCC_493\Debug\Cm0Start.o
                0x000003d8                IntDefaultHandler
 .text.Start_c  0x000003dc       0x48 .\CortexM0\ARM_GCC_493\Debug\Cm0Start.o
                0x000003dc                Start_c
 .text.initialize_psoc
                0x00000424       0x54 .\CortexM0\ARM_GCC_493\Debug\Cm0Start.o
                0x00000424                initialize_psoc
 .text.cfg_write_bytes32
                0x00000478       0x34 .\CortexM0\ARM_GCC_493\Debug\BLE_Transfer.a(cyfitter_cfg.o)
 .text.AnalogSetDefault
                0x000004ac       0x20 .\CortexM0\ARM_GCC_493\Debug\BLE_Transfer.a(cyfitter_cfg.o)
 .text.CYMEMZERO
                0x000004cc        0xc .\CortexM0\ARM_GCC_493\Debug\BLE_Transfer.a(cyfitter_cfg.o)
 .text          0x000004d8       0x20 .\CortexM0\ARM_GCC_493\Debug\BLE_Transfer.a(CyBootAsmGnu.o)
                0x000004d8                CyDelayCycles
                0x000004ea                CyEnterCriticalSection
                0x000004f2                CyExitCriticalSection
 .text.CySysClkWriteImoFreq
                0x000004f8       0x64 .\CortexM0\ARM_GCC_493\Debug\BLE_Transfer.a(CyLib.o)
                0x000004f8                CySysClkWriteImoFreq
 .text.CySysClkEcoReadStatus
                0x0000055c       0x10 .\CortexM0\ARM_GCC_493\Debug\BLE_Transfer.a(CyLib.o)
                0x0000055c                CySysClkEcoReadStatus
 .text.CyIntEnable
                0x0000056c       0x14 .\CortexM0\ARM_GCC_493\Debug\BLE_Transfer.a(CyLib.o)
                0x0000056c                CyIntEnable
 .text.CyHalt   0x00000580        0x4 .\CortexM0\ARM_GCC_493\Debug\BLE_Transfer.a(CyLib.o)
                0x00000580                CyHalt
 .text.CyIntSetVector
                0x00000584       0x24 .\CortexM0\ARM_GCC_493\Debug\BLE_Transfer.a(CyLib.o)
                0x00000584                CyIntSetVector
 .text.CyDelay  0x000005a8       0x30 .\CortexM0\ARM_GCC_493\Debug\BLE_Transfer.a(CyLib.o)
                0x000005a8                CyDelay
 .text.CyDelayUs
                0x000005d8       0x14 .\CortexM0\ARM_GCC_493\Debug\BLE_Transfer.a(CyLib.o)
                0x000005d8                CyDelayUs
 .text.CySysClkEcoStart
                0x000005ec       0x54 .\CortexM0\ARM_GCC_493\Debug\BLE_Transfer.a(CyLib.o)
                0x000005ec                CySysClkEcoStart
 .text.CySysPmFreezeIo
                0x00000640       0x38 .\CortexM0\ARM_GCC_493\Debug\BLE_Transfer.a(cyPm.o)
                0x00000640                CySysPmFreezeIo
 .text.CySysPmStop
                0x00000678       0x30 .\CortexM0\ARM_GCC_493\Debug\BLE_Transfer.a(cyPm.o)
                0x00000678                CySysPmStop
 .text.CySysPmUnfreezeIo
                0x000006a8       0x30 .\CortexM0\ARM_GCC_493\Debug\BLE_Transfer.a(cyPm.o)
                0x000006a8                CySysPmUnfreezeIo
 .text.CySysWdtLocked
                0x000006d8       0x14 .\CortexM0\ARM_GCC_493\Debug\BLE_Transfer.a(CyLFClk.o)
 .text.CySysClkWcoStart
                0x000006ec       0x40 .\CortexM0\ARM_GCC_493\Debug\BLE_Transfer.a(CyLFClk.o)
                0x000006ec                CySysClkWcoStart
 .text.CySysClkWcoSetPowerMode
                0x0000072c       0x80 .\CortexM0\ARM_GCC_493\Debug\BLE_Transfer.a(CyLFClk.o)
                0x0000072c                CySysClkWcoSetPowerMode
 .text.CySysWdtLock
                0x000007ac       0x1c .\CortexM0\ARM_GCC_493\Debug\BLE_Transfer.a(CyLFClk.o)
                0x000007ac                CySysWdtLock
 .text.CySysWdtUnlock
                0x000007c8       0x30 .\CortexM0\ARM_GCC_493\Debug\BLE_Transfer.a(CyLFClk.o)
                0x000007c8                CySysWdtUnlock
 .text.CySysWdtClearInterrupt
                0x000007f8       0x4c .\CortexM0\ARM_GCC_493\Debug\BLE_Transfer.a(CyLFClk.o)
                0x000007f8                CySysWdtClearInterrupt
 .text.CySysWdtIsr
                0x00000844       0xa4 .\CortexM0\ARM_GCC_493\Debug\BLE_Transfer.a(CyLFClk.o)
                0x00000844                CySysWdtIsr
 *fill*         0x000008e8       0x18 
 .text          0x00000900       0xe0 .\CortexM0\ARM_GCC_493\Debug\BLE_Transfer.a(UART_Dbg_AsmGnu.o)
                0x00000900                UART_Dbg_PutChar
 .text.UART_Dbg_Start
                0x000009e0        0x4 .\CortexM0\ARM_GCC_493\Debug\BLE_Transfer.a(UART_Dbg.o)
                0x000009e0                UART_Dbg_Start
 .text.UART_Dbg_Stop
                0x000009e4        0x4 .\CortexM0\ARM_GCC_493\Debug\BLE_Transfer.a(UART_Dbg.o)
                0x000009e4                UART_Dbg_Stop
 .text.UART_Dbg_PutString
                0x000009e8       0x1c .\CortexM0\ARM_GCC_493\Debug\BLE_Transfer.a(UART_Dbg.o)
                0x000009e8                UART_Dbg_PutString
 .text.UART_Dbg_PutArray
                0x00000a04       0x18 .\CortexM0\ARM_GCC_493\Debug\BLE_Transfer.a(UART_Dbg.o)
                0x00000a04                UART_Dbg_PutArray
 .text.Button_Read
                0x00000a1c       0x10 .\CortexM0\ARM_GCC_493\Debug\BLE_Transfer.a(Button.o)
                0x00000a1c                Button_Read
 .text.Button_ClearInterrupt
                0x00000a2c       0x14 .\CortexM0\ARM_GCC_493\Debug\BLE_Transfer.a(Button.o)
                0x00000a2c                Button_ClearInterrupt
 .text.isr_Button_SetVector
                0x00000a40        0xc .\CortexM0\ARM_GCC_493\Debug\BLE_Transfer.a(isr_Button.o)
                0x00000a40                isr_Button_SetVector
 .text.isr_Button_SetPriority
                0x00000a4c       0x24 .\CortexM0\ARM_GCC_493\Debug\BLE_Transfer.a(isr_Button.o)
                0x00000a4c                isr_Button_SetPriority
 .text.isr_Button_Enable
                0x00000a70        0xc .\CortexM0\ARM_GCC_493\Debug\BLE_Transfer.a(isr_Button.o)
                0x00000a70                isr_Button_Enable
 .text.isr_Button_Disable
                0x00000a7c        0xc .\CortexM0\ARM_GCC_493\Debug\BLE_Transfer.a(isr_Button.o)
                0x00000a7c                isr_Button_Disable
 .text.isr_Button_StartEx
                0x00000a88       0x1c .\CortexM0\ARM_GCC_493\Debug\BLE_Transfer.a(isr_Button.o)
                0x00000a88                isr_Button_StartEx
 .text.isr_Button_ClearPending
                0x00000aa4        0xc .\CortexM0\ARM_GCC_493\Debug\BLE_Transfer.a(isr_Button.o)
                0x00000aa4                isr_Button_ClearPending
 .text.pwr_set_Write
                0x00000ab0       0x18 .\CortexM0\ARM_GCC_493\Debug\BLE_Transfer.a(pwr_set.o)
                0x00000ab0                pwr_set_Write
 .text          0x00000ac8      0x120 c:/program files (x86)/cypress/psoc creator/3.3/psoc creator/import/gnu/arm/4.9.3/bin/../lib/gcc/arm-none-eabi/4.9.3/armv6-m\libgcc.a(_udivsi3.o)
                0x00000ac8                __aeabi_uidiv
                0x00000ac8                __udivsi3
                0x00000bd4                __aeabi_uidivmod
 .text          0x00000be8        0x4 c:/program files (x86)/cypress/psoc creator/3.3/psoc creator/import/gnu/arm/4.9.3/bin/../lib/gcc/arm-none-eabi/4.9.3/armv6-m\libgcc.a(_dvmd_tls.o)
                0x00000be8                __aeabi_idiv0
                0x00000be8                __aeabi_ldiv0
 .text.__libc_init_array
                0x00000bec       0x4c c:/program files (x86)/cypress/psoc creator/3.3/psoc creator/import/gnu/arm/4.9.3/bin/../lib/gcc/arm-none-eabi/4.9.3/../../../../arm-none-eabi/lib/armv6-m\libg_nano.a(lib_a-init.o)
                0x00000bec                __libc_init_array
 .text.memcpy   0x00000c38       0x12 c:/program files (x86)/cypress/psoc creator/3.3/psoc creator/import/gnu/arm/4.9.3/bin/../lib/gcc/arm-none-eabi/4.9.3/../../../../arm-none-eabi/lib/armv6-m\libg_nano.a(lib_a-memcpy.o)
                0x00000c38                memcpy
 .text.memset   0x00000c4a       0x10 c:/program files (x86)/cypress/psoc creator/3.3/psoc creator/import/gnu/arm/4.9.3/bin/../lib/gcc/arm-none-eabi/4.9.3/../../../../arm-none-eabi/lib/armv6-m\libg_nano.a(lib_a-memset.o)
                0x00000c4a                memset
 .text.strlen   0x00000c5a        0xe c:/program files (x86)/cypress/psoc creator/3.3/psoc creator/import/gnu/arm/4.9.3/bin/../lib/gcc/arm-none-eabi/4.9.3/../../../../arm-none-eabi/lib/armv6-m\libg_nano.a(lib_a-strlen.o)
                0x00000c5a                strlen
 *(.plt)
 *(.gnu.warning)
 *(.glue_7t)
 .glue_7t       0x00000000        0x0 linker stubs
 *(.glue_7)
 .glue_7        0x00000000        0x0 linker stubs
 *(.vfp11_veneer)
 .vfp11_veneer  0x00000000        0x0 linker stubs
 *(.bootloader)
 *(.ARM.extab* .gnu.linkonce.armextab.*)
 *(.gcc_except_table)

.v4_bx          0x00000c68        0x0
 .v4_bx         0x00000000        0x0 linker stubs

.iplt           0x00000c68        0x0
 .iplt          0x00000000        0x0 c:/program files (x86)/cypress/psoc creator/3.3/psoc creator/import/gnu/arm/4.9.3/bin/../lib/gcc/arm-none-eabi/4.9.3/armv6-m/crtbegin.o

.eh_frame_hdr
 *(.eh_frame_hdr)

.eh_frame       0x00000c68        0x4
 *(.eh_frame)
 .eh_frame      0x00000c68        0x0 c:/program files (x86)/cypress/psoc creator/3.3/psoc creator/import/gnu/arm/4.9.3/bin/../lib/gcc/arm-none-eabi/4.9.3/armv6-m/crtbegin.o
 .eh_frame      0x00000c68        0x4 c:/program files (x86)/cypress/psoc creator/3.3/psoc creator/import/gnu/arm/4.9.3/bin/../lib/gcc/arm-none-eabi/4.9.3/armv6-m/crtend.o
                0x00000c6c                PROVIDE (__exidx_start, .)

.ARM.exidx
 *(.ARM.exidx* .gnu.linkonce.armexidx.*)
                0x00000c6c                __exidx_end = .

.rodata         0x00000c6c      0x154
 *(.rodata .rodata.* .gnu.linkonce.r.*)
 .rodata.str1.4
                0x00000c6c       0x68 .\CortexM0\ARM_GCC_493\Debug\main.o
 .rodata        0x00000cd4       0x70 .\CortexM0\ARM_GCC_493\Debug\debug.o
 .rodata        0x00000d44       0x14 .\CortexM0\ARM_GCC_493\Debug\BLE_Transfer.a(cyfitter_cfg.o)
 .rodata        0x00000d58       0x30 .\CortexM0\ARM_GCC_493\Debug\BLE_Transfer.a(CyLib.o)
                0x00000d58                cyImoFreqMhz2Reg
                0x00000d88                . = ALIGN (0x4)
 *(.init)
 .init          0x00000d88        0x4 c:/program files (x86)/cypress/psoc creator/3.3/psoc creator/import/gnu/arm/4.9.3/bin/../lib/gcc/arm-none-eabi/4.9.3/armv6-m/crti.o
                0x00000d88                _init
 .init          0x00000d8c        0x8 c:/program files (x86)/cypress/psoc creator/3.3/psoc creator/import/gnu/arm/4.9.3/bin/../lib/gcc/arm-none-eabi/4.9.3/armv6-m/crtn.o
                0x00000d94                . = ALIGN (0x4)
                0x00000d94                __preinit_array_start = .
 *(.preinit_array)
                0x00000d94                __preinit_array_end = .
                0x00000d94                . = ALIGN (0x4)
                0x00000d94                __init_array_start = .
 *(SORT(.init_array.*))
 *(.init_array)
 .init_array    0x00000d94        0x4 c:/program files (x86)/cypress/psoc creator/3.3/psoc creator/import/gnu/arm/4.9.3/bin/../lib/gcc/arm-none-eabi/4.9.3/armv6-m/crtbegin.o
 .init_array    0x00000d98        0x4 .\CortexM0\ARM_GCC_493\Debug\Cm0Start.o
                0x00000d9c                __init_array_end = .
                0x00000d9c                . = ALIGN (0x4)
 *(.fini)
 .fini          0x00000d9c        0x4 c:/program files (x86)/cypress/psoc creator/3.3/psoc creator/import/gnu/arm/4.9.3/bin/../lib/gcc/arm-none-eabi/4.9.3/armv6-m/crti.o
                0x00000d9c                _fini
 .fini          0x00000da0        0x8 c:/program files (x86)/cypress/psoc creator/3.3/psoc creator/import/gnu/arm/4.9.3/bin/../lib/gcc/arm-none-eabi/4.9.3/armv6-m/crtn.o
                0x00000da8                . = ALIGN (0x4)
                0x00000da8                __fini_array_start = .
 *(.fini_array)
 .fini_array    0x00000da8        0x4 c:/program files (x86)/cypress/psoc creator/3.3/psoc creator/import/gnu/arm/4.9.3/bin/../lib/gcc/arm-none-eabi/4.9.3/armv6-m/crtbegin.o
 *(SORT(.fini_array.*))
                0x00000dac                __fini_array_end = .
                0x00000dac                . = ALIGN (0x4)
 *crtbegin.o(.ctors)
 *(EXCLUDE_FILE(*crtend.o) .ctors)
 *(SORT(.ctors.*))
 *crtend.o(.ctors)
                0x00000dac                . = ALIGN (0x4)
 *crtbegin.o(.dtors)
 *(EXCLUDE_FILE(*crtend.o) .dtors)
 *(SORT(.dtors.*))
 *crtend.o(.dtors)
                0x00000dac                . = ALIGN (0x4)
                0x00000dac                __cy_regions = .
                0x00000dac        0x4 LONG 0x1100 __cy_region_init_ram
                0x00000db0        0x4 LONG 0x20000ba8 __cy_region_start_data
                0x00000db4        0x4 LONG 0x28 __cy_region_init_size_ram
                0x00000db8        0x4 LONG 0x80 __cy_region_zero_size_ram
                0x00000dbc                __cy_regions_end = .
                0x00000dc0                . = ALIGN (0x8)
 *fill*         0x00000dbc        0x4 
                0x00000dc0                _etext = .

.cy_checksum_exclude
                0x00000e00      0x300
 *(.cy_checksum_exclude)
 .cy_checksum_exclude
                0x00000e00      0x300 .\CortexM0\ARM_GCC_493\Debug\BLE_Transfer.a(BLE_System_gatt.o)
                0x00000e00                cyBle_flashStorage

.ramvectors     0x20000000       0xc0
                0x20000000                __cy_region_start_ram = .
 *(.ramvectors)
 .ramvectors    0x20000000       0xc0 .\CortexM0\ARM_GCC_493\Debug\Cm0Start.o
                0x20000000                CyRamVectors

.noinit         0x200000c0      0xae8
 *(.noinit)
 .noinit        0x200000c0        0x4 .\CortexM0\ARM_GCC_493\Debug\Cm0Start.o
 *fill*         0x200000c4        0x4 
 .noinit        0x200000c8      0xae0 .\CortexM0\ARM_GCC_493\Debug\BLE_Transfer.a(BLE_System.o)
                0x200000c8                cyBle_stackMemoryRam

.data           0x20000ba8       0x28 load address 0x00001100
                0x20000ba8                __cy_region_start_data = .
 *(.jcr)
 .jcr           0x20000ba8        0x0 c:/program files (x86)/cypress/psoc creator/3.3/psoc creator/import/gnu/arm/4.9.3/bin/../lib/gcc/arm-none-eabi/4.9.3/armv6-m/crtbegin.o
 .jcr           0x20000ba8        0x4 c:/program files (x86)/cypress/psoc creator/3.3/psoc creator/import/gnu/arm/4.9.3/bin/../lib/gcc/arm-none-eabi/4.9.3/armv6-m/crtend.o
 *(.got.plt)
 *(.got)
 *(.shdata)
 *(.data .data.* .gnu.linkonce.d.*)
 .data          0x20000bac       0x10 .\CortexM0\ARM_GCC_493\Debug\BLE_Transfer.a(CyLib.o)
                0x20000bac                cydelay32kMs
                0x20000bb0                cydelayFreqKhz
                0x20000bb4                cydelayFreqMhz
                0x20000bb8                cydelayFreqHz
 .data          0x20000bbc        0x8 .\CortexM0\ARM_GCC_493\Debug\BLE_Transfer.a(CyLFClk.o)
 .data          0x20000bc4        0x8 .\CortexM0\ARM_GCC_493\Debug\BLE_Transfer.a(UART_Dbg.o)
                0x20000bc4                UART_Dbg_pinDrAdress
                0x20000bc8                UART_Dbg_pinNumber
                0x20000bd0                . = ALIGN (0x8)
 *fill*         0x20000bcc        0x4 
 *(.ram)
                0x20000bd0                _edata = .

.igot.plt       0x20000bd0        0x0 load address 0x00001128
 .igot.plt      0x00000000        0x0 c:/program files (x86)/cypress/psoc creator/3.3/psoc creator/import/gnu/arm/4.9.3/bin/../lib/gcc/arm-none-eabi/4.9.3/armv6-m/crtbegin.o

.bss            0x20000bd0       0x80 load address 0x00001128
                0x20000bd0                PROVIDE (__bss_start__, .)
 *(.shbss)
 *(.bss .bss.* .gnu.linkonce.b.*)
 .bss           0x20000bd0       0x1c c:/program files (x86)/cypress/psoc creator/3.3/psoc creator/import/gnu/arm/4.9.3/bin/../lib/gcc/arm-none-eabi/4.9.3/armv6-m/crtbegin.o
 .bss           0x20000bec       0x34 .\CortexM0\ARM_GCC_493\Debug\debug.o
 .bss           0x20000c20       0x28 .\CortexM0\ARM_GCC_493\Debug\BLE_Transfer.a(CyLFClk.o)
 .bss           0x20000c48        0x4 .\CortexM0\ARM_GCC_493\Debug\BLE_Transfer.a(UART_Dbg.o)
                0x20000c48                UART_Dbg_pinPortNumber
 *(COMMON)
                0x20000c50                . = ALIGN (0x8)
 *fill*         0x20000c4c        0x4 
 *(.ram.b)
                0x20000c50                _end = .
                0x20000c50                __end = .
                0x20000c50                PROVIDE (end, .)
                0x20000c50                PROVIDE (__bss_end__, .)
                0x00001100                __cy_region_init_ram = LOADADDR (.data)
                0x00000028                __cy_region_init_size_ram = (_edata - ADDR (.data))
                0x00000080                __cy_region_zero_size_ram = (_end - _edata)

.heap           0x20000c50      0x400 load address 0x00001128
                0x20000c50                . = _end
                0x20001050                . = (. + 0x400)
 *fill*         0x20000c50      0x400 
                0x20001050                __cy_heap_limit = .

.stack          0x20003800      0x800
                0x20003800                __cy_stack_limit = .
                0x20004000                . = (. + 0x800)
 *fill*         0x20003800      0x800 
                0x00000001                ASSERT ((__cy_stack_limit >= __cy_heap_limit), region RAM overflowed with stack)
                0x00000000                cy_checksum_exclude_size = (CY_APPL_LOADABLE == 0x1)?SIZEOF (.cy_checksum_exclude):0x0
                0x00000001                ASSERT ((cy_checksum_exclude_size <= CY_CHECKSUM_EXCLUDE_SIZE), CY_BOOT: Section .cy_checksum_exclude size exceedes specified limit.)
                0x0001ffc0                cyloadermeta_start = (cy_project_type_bootloader || cy_project_type_app_for_stack_and_copier)?(0x20000 - CY_METADATA_SIZE):0xf0000000

.cyloadermeta
 *(.cyloadermeta)
                0x0001ffc0                cyloadablemeta_start = cy_project_type_app_for_stack_and_copier?((0x20000 - CY_FLASH_ROW_SIZE) - CY_METADATA_SIZE):((0x20000 - (CY_FLASH_ROW_SIZE * (CY_APPL_NUM - 0x1))) - CY_METADATA_SIZE)

.cyloadablemeta
 *(.cyloadablemeta)

.cyflashprotect
                0x90400000       0x80
 *(.cyflashprotect)
 .cyflashprotect
                0x90400000       0x80 .\CortexM0\ARM_GCC_493\Debug\cymetadata.o
                0x90400000                cy_meta_flashprotect

.cymeta         0x90500000        0xc
 *(.cymeta)
 .cymeta        0x90500000        0xc .\CortexM0\ARM_GCC_493\Debug\cymetadata.o
                0x90500000                cy_metadata

.cychipprotect  0x90600000        0x4
 *(.cychipprotect)
 .cychipprotect
                0x90600000        0x4 .\CortexM0\ARM_GCC_493\Debug\cymetadata.o
                0x90600000                cy_meta_chipprotect

.rel.dyn        0x00001128        0x0 load address 0x90600004
 .rel.iplt      0x00000000        0x0 c:/program files (x86)/cypress/psoc creator/3.3/psoc creator/import/gnu/arm/4.9.3/bin/../lib/gcc/arm-none-eabi/4.9.3/armv6-m/crtbegin.o

.stab
 *(.stab)

.stabstr
 *(.stabstr)

.debug
 *(.debug)

.line
 *(.line)

.debug_srcinfo
 *(.debug_srcinfo)

.debug_sfnames
 *(.debug_sfnames)

.debug_aranges  0x00000000      0x928
 *(.debug_aranges)
 .debug_aranges
                0x00000000       0x38 .\CortexM0\ARM_GCC_493\Debug\main.o
 .debug_aranges
                0x00000038       0x30 .\CortexM0\ARM_GCC_493\Debug\debug.o
 .debug_aranges
                0x00000068       0x18 .\CortexM0\ARM_GCC_493\Debug\cymetadata.o
 .debug_aranges
                0x00000080       0x48 .\CortexM0\ARM_GCC_493\Debug\Cm0Start.o
 .debug_aranges
                0x000000c8       0x40 .\CortexM0\ARM_GCC_493\Debug\BLE_Transfer.a(cyfitter_cfg.o)
 .debug_aranges
                0x00000108       0x88 .\CortexM0\ARM_GCC_493\Debug\BLE_Transfer.a(BLE_System.o)
 .debug_aranges
                0x00000190       0x28 .\CortexM0\ARM_GCC_493\Debug\BLE_Transfer.a(BLE_System_gatt.o)
 .debug_aranges
                0x000001b8       0x38 .\CortexM0\ARM_GCC_493\Debug\BLE_Transfer.a(BLE_System_eventHandler.o)
 .debug_aranges
                0x000001f0       0x20 .\CortexM0\ARM_GCC_493\Debug\BLE_Transfer.a(BLE_System_custom.o)
 .debug_aranges
                0x00000210       0x20 .\CortexM0\ARM_GCC_493\Debug\BLE_Transfer.a(CyBootAsmGnu.o)
 .debug_aranges
                0x00000230      0x1a0 .\CortexM0\ARM_GCC_493\Debug\BLE_Transfer.a(CyLib.o)
 .debug_aranges
                0x000003d0       0x58 .\CortexM0\ARM_GCC_493\Debug\BLE_Transfer.a(cyPm.o)
 .debug_aranges
                0x00000428      0x188 .\CortexM0\ARM_GCC_493\Debug\BLE_Transfer.a(CyLFClk.o)
 .debug_aranges
                0x000005b0       0x20 .\CortexM0\ARM_GCC_493\Debug\BLE_Transfer.a(UART_Dbg_AsmGnu.o)
 .debug_aranges
                0x000005d0       0x50 .\CortexM0\ARM_GCC_493\Debug\BLE_Transfer.a(UART_Dbg.o)
 .debug_aranges
                0x00000620       0x48 .\CortexM0\ARM_GCC_493\Debug\BLE_Transfer.a(Button.o)
 .debug_aranges
                0x00000668       0x80 .\CortexM0\ARM_GCC_493\Debug\BLE_Transfer.a(isr_Button.o)
 .debug_aranges
                0x000006e8       0x48 .\CortexM0\ARM_GCC_493\Debug\BLE_Transfer.a(pwr_set.o)
 .debug_aranges
                0x00000730      0x110 .\CortexM0\ARM_GCC_493\Debug\BLE_Transfer.a(BLE_System_HAL_PVT.o)
 .debug_aranges
                0x00000840       0x80 .\CortexM0\ARM_GCC_493\Debug\BLE_Transfer.a(BLE_System_bless_isr.o)
 .debug_aranges
                0x000008c0       0x48 .\CortexM0\ARM_GCC_493\Debug\BLE_Transfer.a(CyFlash.o)
 .debug_aranges
                0x00000908       0x20 .\CortexM0\ARM_GCC_493\Debug\BLE_Transfer.a(BLE_System_HAL_INT.o)

.debug_pubnames
 *(.debug_pubnames)

.debug_info     0x00000000     0x80e2
 *(.debug_info .gnu.linkonce.wi.*)
 .debug_info    0x00000000      0x604 .\CortexM0\ARM_GCC_493\Debug\main.o
 .debug_info    0x00000604      0x3c2 .\CortexM0\ARM_GCC_493\Debug\debug.o
 .debug_info    0x000009c6       0xfe .\CortexM0\ARM_GCC_493\Debug\cymetadata.o
 .debug_info    0x00000ac4      0x38c .\CortexM0\ARM_GCC_493\Debug\Cm0Start.o
 .debug_info    0x00000e50      0x493 .\CortexM0\ARM_GCC_493\Debug\BLE_Transfer.a(cyfitter_cfg.o)
 .debug_info    0x000012e3     0x10b5 .\CortexM0\ARM_GCC_493\Debug\BLE_Transfer.a(BLE_System.o)
 .debug_info    0x00002398     0x10b0 .\CortexM0\ARM_GCC_493\Debug\BLE_Transfer.a(BLE_System_gatt.o)
 .debug_info    0x00003448      0xf8e .\CortexM0\ARM_GCC_493\Debug\BLE_Transfer.a(BLE_System_eventHandler.o)
 .debug_info    0x000043d6      0x30c .\CortexM0\ARM_GCC_493\Debug\BLE_Transfer.a(BLE_System_custom.o)
 .debug_info    0x000046e2       0x89 .\CortexM0\ARM_GCC_493\Debug\BLE_Transfer.a(CyBootAsmGnu.o)
 .debug_info    0x0000476b      0xb8f .\CortexM0\ARM_GCC_493\Debug\BLE_Transfer.a(CyLib.o)
 .debug_info    0x000052fa      0x2e6 .\CortexM0\ARM_GCC_493\Debug\BLE_Transfer.a(cyPm.o)
 .debug_info    0x000055e0     0x106f .\CortexM0\ARM_GCC_493\Debug\BLE_Transfer.a(CyLFClk.o)
 .debug_info    0x0000664f       0x8c .\CortexM0\ARM_GCC_493\Debug\BLE_Transfer.a(UART_Dbg_AsmGnu.o)
 .debug_info    0x000066db      0x2c6 .\CortexM0\ARM_GCC_493\Debug\BLE_Transfer.a(UART_Dbg.o)
 .debug_info    0x000069a1      0x19d .\CortexM0\ARM_GCC_493\Debug\BLE_Transfer.a(Button.o)
 .debug_info    0x00006b3e      0x300 .\CortexM0\ARM_GCC_493\Debug\BLE_Transfer.a(isr_Button.o)
 .debug_info    0x00006e3e      0x19d .\CortexM0\ARM_GCC_493\Debug\BLE_Transfer.a(pwr_set.o)
 .debug_info    0x00006fdb      0x91f .\CortexM0\ARM_GCC_493\Debug\BLE_Transfer.a(BLE_System_HAL_PVT.o)
 .debug_info    0x000078fa      0x300 .\CortexM0\ARM_GCC_493\Debug\BLE_Transfer.a(BLE_System_bless_isr.o)
 .debug_info    0x00007bfa      0x43a .\CortexM0\ARM_GCC_493\Debug\BLE_Transfer.a(CyFlash.o)
 .debug_info    0x00008034       0xae .\CortexM0\ARM_GCC_493\Debug\BLE_Transfer.a(BLE_System_HAL_INT.o)

.debug_abbrev   0x00000000     0x2018
 *(.debug_abbrev)
 .debug_abbrev  0x00000000      0x15f .\CortexM0\ARM_GCC_493\Debug\main.o
 .debug_abbrev  0x0000015f      0x1a3 .\CortexM0\ARM_GCC_493\Debug\debug.o
 .debug_abbrev  0x00000302       0x5d .\CortexM0\ARM_GCC_493\Debug\cymetadata.o
 .debug_abbrev  0x0000035f      0x1fe .\CortexM0\ARM_GCC_493\Debug\Cm0Start.o
 .debug_abbrev  0x0000055d      0x1fc .\CortexM0\ARM_GCC_493\Debug\BLE_Transfer.a(cyfitter_cfg.o)
 .debug_abbrev  0x00000759      0x2f4 .\CortexM0\ARM_GCC_493\Debug\BLE_Transfer.a(BLE_System.o)
 .debug_abbrev  0x00000a4d      0x1f0 .\CortexM0\ARM_GCC_493\Debug\BLE_Transfer.a(BLE_System_gatt.o)
 .debug_abbrev  0x00000c3d      0x2a5 .\CortexM0\ARM_GCC_493\Debug\BLE_Transfer.a(BLE_System_eventHandler.o)
 .debug_abbrev  0x00000ee2       0xb8 .\CortexM0\ARM_GCC_493\Debug\BLE_Transfer.a(BLE_System_custom.o)
 .debug_abbrev  0x00000f9a       0x14 .\CortexM0\ARM_GCC_493\Debug\BLE_Transfer.a(CyBootAsmGnu.o)
 .debug_abbrev  0x00000fae      0x20d .\CortexM0\ARM_GCC_493\Debug\BLE_Transfer.a(CyLib.o)
 .debug_abbrev  0x000011bb      0x155 .\CortexM0\ARM_GCC_493\Debug\BLE_Transfer.a(cyPm.o)
 .debug_abbrev  0x00001310      0x273 .\CortexM0\ARM_GCC_493\Debug\BLE_Transfer.a(CyLFClk.o)
 .debug_abbrev  0x00001583       0x14 .\CortexM0\ARM_GCC_493\Debug\BLE_Transfer.a(UART_Dbg_AsmGnu.o)
 .debug_abbrev  0x00001597      0x110 .\CortexM0\ARM_GCC_493\Debug\BLE_Transfer.a(UART_Dbg.o)
 .debug_abbrev  0x000016a7       0xc8 .\CortexM0\ARM_GCC_493\Debug\BLE_Transfer.a(Button.o)
 .debug_abbrev  0x0000176f      0x1b4 .\CortexM0\ARM_GCC_493\Debug\BLE_Transfer.a(isr_Button.o)
 .debug_abbrev  0x00001923       0xc8 .\CortexM0\ARM_GCC_493\Debug\BLE_Transfer.a(pwr_set.o)
 .debug_abbrev  0x000019eb      0x23c .\CortexM0\ARM_GCC_493\Debug\BLE_Transfer.a(BLE_System_HAL_PVT.o)
 .debug_abbrev  0x00001c27      0x1b4 .\CortexM0\ARM_GCC_493\Debug\BLE_Transfer.a(BLE_System_bless_isr.o)
 .debug_abbrev  0x00001ddb      0x1dd .\CortexM0\ARM_GCC_493\Debug\BLE_Transfer.a(CyFlash.o)
 .debug_abbrev  0x00001fb8       0x60 .\CortexM0\ARM_GCC_493\Debug\BLE_Transfer.a(BLE_System_HAL_INT.o)

.debug_line     0x00000000     0x27d3
 *(.debug_line)
 .debug_line    0x00000000      0x151 .\CortexM0\ARM_GCC_493\Debug\main.o
 .debug_line    0x00000151      0x26b .\CortexM0\ARM_GCC_493\Debug\debug.o
 .debug_line    0x000003bc       0x53 .\CortexM0\ARM_GCC_493\Debug\cymetadata.o
 .debug_line    0x0000040f      0x249 .\CortexM0\ARM_GCC_493\Debug\Cm0Start.o
 .debug_line    0x00000658      0x18f .\CortexM0\ARM_GCC_493\Debug\BLE_Transfer.a(cyfitter_cfg.o)
 .debug_line    0x000007e7      0x427 .\CortexM0\ARM_GCC_493\Debug\BLE_Transfer.a(BLE_System.o)
 .debug_line    0x00000c0e      0x137 .\CortexM0\ARM_GCC_493\Debug\BLE_Transfer.a(BLE_System_gatt.o)
 .debug_line    0x00000d45      0x1f9 .\CortexM0\ARM_GCC_493\Debug\BLE_Transfer.a(BLE_System_eventHandler.o)
 .debug_line    0x00000f3e       0xb4 .\CortexM0\ARM_GCC_493\Debug\BLE_Transfer.a(BLE_System_custom.o)
 .debug_line    0x00000ff2       0x6a .\CortexM0\ARM_GCC_493\Debug\BLE_Transfer.a(CyBootAsmGnu.o)
 .debug_line    0x0000105c      0x49f .\CortexM0\ARM_GCC_493\Debug\BLE_Transfer.a(CyLib.o)
 .debug_line    0x000014fb      0x145 .\CortexM0\ARM_GCC_493\Debug\BLE_Transfer.a(cyPm.o)
 .debug_line    0x00001640      0x5de .\CortexM0\ARM_GCC_493\Debug\BLE_Transfer.a(CyLFClk.o)
 .debug_line    0x00001c1e       0xa3 .\CortexM0\ARM_GCC_493\Debug\BLE_Transfer.a(UART_Dbg_AsmGnu.o)
 .debug_line    0x00001cc1       0xf4 .\CortexM0\ARM_GCC_493\Debug\BLE_Transfer.a(UART_Dbg.o)
 .debug_line    0x00001db5       0xc0 .\CortexM0\ARM_GCC_493\Debug\BLE_Transfer.a(Button.o)
 .debug_line    0x00001e75      0x16f .\CortexM0\ARM_GCC_493\Debug\BLE_Transfer.a(isr_Button.o)
 .debug_line    0x00001fe4       0xc1 .\CortexM0\ARM_GCC_493\Debug\BLE_Transfer.a(pwr_set.o)
 .debug_line    0x000020a5      0x357 .\CortexM0\ARM_GCC_493\Debug\BLE_Transfer.a(BLE_System_HAL_PVT.o)
 .debug_line    0x000023fc      0x179 .\CortexM0\ARM_GCC_493\Debug\BLE_Transfer.a(BLE_System_bless_isr.o)
 .debug_line    0x00002575      0x1e5 .\CortexM0\ARM_GCC_493\Debug\BLE_Transfer.a(CyFlash.o)
 .debug_line    0x0000275a       0x79 .\CortexM0\ARM_GCC_493\Debug\BLE_Transfer.a(BLE_System_HAL_INT.o)

.debug_frame    0x00000000    0x1a590
 *(.debug_frame)
 .debug_frame   0x00000000       0x80 .\CortexM0\ARM_GCC_493\Debug\main.o
 .debug_frame   0x00000080       0x70 .\CortexM0\ARM_GCC_493\Debug\debug.o
 .debug_frame   0x000000f0       0xb0 .\CortexM0\ARM_GCC_493\Debug\Cm0Start.o
 .debug_frame   0x000001a0       0xa4 .\CortexM0\ARM_GCC_493\Debug\BLE_Transfer.a(cyfitter_cfg.o)
 .debug_frame   0x00000244      0x17c .\CortexM0\ARM_GCC_493\Debug\BLE_Transfer.a(BLE_System.o)
 .debug_frame   0x000003c0       0x4c .\CortexM0\ARM_GCC_493\Debug\BLE_Transfer.a(BLE_System_gatt.o)
 .debug_frame   0x0000040c       0x74 .\CortexM0\ARM_GCC_493\Debug\BLE_Transfer.a(BLE_System_eventHandler.o)
 .debug_frame   0x00000480       0x20 .\CortexM0\ARM_GCC_493\Debug\BLE_Transfer.a(BLE_System_custom.o)
 .debug_frame   0x000004a0      0x424 .\CortexM0\ARM_GCC_493\Debug\BLE_Transfer.a(CyLib.o)
 .debug_frame   0x000008c4       0xe8 .\CortexM0\ARM_GCC_493\Debug\BLE_Transfer.a(cyPm.o)
 .debug_frame   0x000009ac      0x4a8 .\CortexM0\ARM_GCC_493\Debug\BLE_Transfer.a(CyLFClk.o)
 .debug_frame   0x00000e54       0xc8 .\CortexM0\ARM_GCC_493\Debug\BLE_Transfer.a(UART_Dbg.o)
 .debug_frame   0x00000f1c       0x70 .\CortexM0\ARM_GCC_493\Debug\BLE_Transfer.a(Button.o)
 .debug_frame   0x00000f8c      0x110 .\CortexM0\ARM_GCC_493\Debug\BLE_Transfer.a(isr_Button.o)
 .debug_frame   0x0000109c       0x70 .\CortexM0\ARM_GCC_493\Debug\BLE_Transfer.a(pwr_set.o)
 .debug_frame   0x0000110c       0x50 C:\Program Files (x86)\Cypress\PSoC Creator\3.3\PSoC Creator\psoc\content\cycomponentlibrary\CyComponentLibrary.cylib\BLE_v3_10\Library\gccCyBLEStack_BLE_SOC_PERIPHERAL.a(CyBle.o)
 .debug_frame   0x0000115c       0x3c C:\Program Files (x86)\Cypress\PSoC Creator\3.3\PSoC Creator\psoc\content\cycomponentlibrary\CyComponentLibrary.cylib\BLE_v3_10\Library\gccCyBLEStack_BLE_SOC_PERIPHERAL.a(CyBle.o)
 .debug_frame   0x00001198       0x48 C:\Program Files (x86)\Cypress\PSoC Creator\3.3\PSoC Creator\psoc\content\cycomponentlibrary\CyComponentLibrary.cylib\BLE_v3_10\Library\gccCyBLEStack_BLE_SOC_PERIPHERAL.a(CyBle.o)
 .debug_frame   0x000011e0       0x4c C:\Program Files (x86)\Cypress\PSoC Creator\3.3\PSoC Creator\psoc\content\cycomponentlibrary\CyComponentLibrary.cylib\BLE_v3_10\Library\gccCyBLEStack_BLE_SOC_PERIPHERAL.a(CyBle.o)
 .debug_frame   0x0000122c       0x44 C:\Program Files (x86)\Cypress\PSoC Creator\3.3\PSoC Creator\psoc\content\cycomponentlibrary\CyComponentLibrary.cylib\BLE_v3_10\Library\gccCyBLEStack_BLE_SOC_PERIPHERAL.a(CyBle.o)
 .debug_frame   0x00001270       0x54 C:\Program Files (x86)\Cypress\PSoC Creator\3.3\PSoC Creator\psoc\content\cycomponentlibrary\CyComponentLibrary.cylib\BLE_v3_10\Library\gccCyBLEStack_BLE_SOC_PERIPHERAL.a(CyBle.o)
 .debug_frame   0x000012c4       0x44 C:\Program Files (x86)\Cypress\PSoC Creator\3.3\PSoC Creator\psoc\content\cycomponentlibrary\CyComponentLibrary.cylib\BLE_v3_10\Library\gccCyBLEStack_BLE_SOC_PERIPHERAL.a(CyBle.o)
 .debug_frame   0x00001308       0x44 C:\Program Files (x86)\Cypress\PSoC Creator\3.3\PSoC Creator\psoc\content\cycomponentlibrary\CyComponentLibrary.cylib\BLE_v3_10\Library\gccCyBLEStack_BLE_SOC_PERIPHERAL.a(CyBle.o)
 .debug_frame   0x0000134c       0x44 C:\Program Files (x86)\Cypress\PSoC Creator\3.3\PSoC Creator\psoc\content\cycomponentlibrary\CyComponentLibrary.cylib\BLE_v3_10\Library\gccCyBLEStack_BLE_SOC_PERIPHERAL.a(CyBle.o)
 .debug_frame   0x00001390       0x44 C:\Program Files (x86)\Cypress\PSoC Creator\3.3\PSoC Creator\psoc\content\cycomponentlibrary\CyComponentLibrary.cylib\BLE_v3_10\Library\gccCyBLEStack_BLE_SOC_PERIPHERAL.a(CyBle.o)
 .debug_frame   0x000013d4       0x44 C:\Program Files (x86)\Cypress\PSoC Creator\3.3\PSoC Creator\psoc\content\cycomponentlibrary\CyComponentLibrary.cylib\BLE_v3_10\Library\gccCyBLEStack_BLE_SOC_PERIPHERAL.a(CyBle.o)
 .debug_frame   0x00001418       0x44 C:\Program Files (x86)\Cypress\PSoC Creator\3.3\PSoC Creator\psoc\content\cycomponentlibrary\CyComponentLibrary.cylib\BLE_v3_10\Library\gccCyBLEStack_BLE_SOC_PERIPHERAL.a(CyBle.o)
 .debug_frame   0x0000145c       0x3c C:\Program Files (x86)\Cypress\PSoC Creator\3.3\PSoC Creator\psoc\content\cycomponentlibrary\CyComponentLibrary.cylib\BLE_v3_10\Library\gccCyBLEStack_BLE_SOC_PERIPHERAL.a(CyBle.o)
 .debug_frame   0x00001498       0x44 C:\Program Files (x86)\Cypress\PSoC Creator\3.3\PSoC Creator\psoc\content\cycomponentlibrary\CyComponentLibrary.cylib\BLE_v3_10\Library\gccCyBLEStack_BLE_SOC_PERIPHERAL.a(CyBle.o)
 .debug_frame   0x000014dc       0x44 C:\Program Files (x86)\Cypress\PSoC Creator\3.3\PSoC Creator\psoc\content\cycomponentlibrary\CyComponentLibrary.cylib\BLE_v3_10\Library\gccCyBLEStack_BLE_SOC_PERIPHERAL.a(CyBle.o)
 .debug_frame   0x00001520       0x44 C:\Program Files (x86)\Cypress\PSoC Creator\3.3\PSoC Creator\psoc\content\cycomponentlibrary\CyComponentLibrary.cylib\BLE_v3_10\Library\gccCyBLEStack_BLE_SOC_PERIPHERAL.a(CyBle.o)
 .debug_frame   0x00001564       0x3c C:\Program Files (x86)\Cypress\PSoC Creator\3.3\PSoC Creator\psoc\content\cycomponentlibrary\CyComponentLibrary.cylib\BLE_v3_10\Library\gccCyBLEStack_BLE_SOC_PERIPHERAL.a(CyBleStackMgrIP_Interface.o)
 .debug_frame   0x000015a0       0x44 C:\Program Files (x86)\Cypress\PSoC Creator\3.3\PSoC Creator\psoc\content\cycomponentlibrary\CyComponentLibrary.cylib\BLE_v3_10\Library\gccCyBLEStack_BLE_SOC_PERIPHERAL.a(CyBleStackMgrIP_Interface.o)
 .debug_frame   0x000015e4       0x48 C:\Program Files (x86)\Cypress\PSoC Creator\3.3\PSoC Creator\psoc\content\cycomponentlibrary\CyComponentLibrary.cylib\BLE_v3_10\Library\gccCyBLEStack_BLE_SOC_PERIPHERAL.a(CyBleStackMgrIP_Interface.o)
 .debug_frame   0x0000162c       0x3c C:\Program Files (x86)\Cypress\PSoC Creator\3.3\PSoC Creator\psoc\content\cycomponentlibrary\CyComponentLibrary.cylib\BLE_v3_10\Library\gccCyBLEStack_BLE_SOC_PERIPHERAL.a(CyBleStackMgrIP_Interface.o)
 .debug_frame   0x00001668       0x50 C:\Program Files (x86)\Cypress\PSoC Creator\3.3\PSoC Creator\psoc\content\cycomponentlibrary\CyComponentLibrary.cylib\BLE_v3_10\Library\gccCyBLEStack_BLE_SOC_PERIPHERAL.a(CyBleStackMgrIP_Interface.o)
 .debug_frame   0x000016b8       0x50 C:\Program Files (x86)\Cypress\PSoC Creator\3.3\PSoC Creator\psoc\content\cycomponentlibrary\CyComponentLibrary.cylib\BLE_v3_10\Library\gccCyBLEStack_BLE_SOC_PERIPHERAL.a(CyBleStackMgrIP_Interface.o)
 .debug_frame   0x00001708       0x44 C:\Program Files (x86)\Cypress\PSoC Creator\3.3\PSoC Creator\psoc\content\cycomponentlibrary\CyComponentLibrary.cylib\BLE_v3_10\Library\gccCyBLEStack_BLE_SOC_PERIPHERAL.a(CyBleStackMgrIP_Interface.o)
 .debug_frame   0x0000174c       0x44 C:\Program Files (x86)\Cypress\PSoC Creator\3.3\PSoC Creator\psoc\content\cycomponentlibrary\CyComponentLibrary.cylib\BLE_v3_10\Library\gccCyBLEStack_BLE_SOC_PERIPHERAL.a(CyBleStackMgrIP_Interface.o)
 .debug_frame   0x00001790       0x4c C:\Program Files (x86)\Cypress\PSoC Creator\3.3\PSoC Creator\psoc\content\cycomponentlibrary\CyComponentLibrary.cylib\BLE_v3_10\Library\gccCyBLEStack_BLE_SOC_PERIPHERAL.a(BT_os.o)
 .debug_frame   0x000017dc       0x48 C:\Program Files (x86)\Cypress\PSoC Creator\3.3\PSoC Creator\psoc\content\cycomponentlibrary\CyComponentLibrary.cylib\BLE_v3_10\Library\gccCyBLEStack_BLE_SOC_PERIPHERAL.a(BT_os.o)
 .debug_frame   0x00001824       0x4c C:\Program Files (x86)\Cypress\PSoC Creator\3.3\PSoC Creator\psoc\content\cycomponentlibrary\CyComponentLibrary.cylib\BLE_v3_10\Library\gccCyBLEStack_BLE_SOC_PERIPHERAL.a(BT_os.o)
 .debug_frame   0x00001870       0x44 C:\Program Files (x86)\Cypress\PSoC Creator\3.3\PSoC Creator\psoc\content\cycomponentlibrary\CyComponentLibrary.cylib\BLE_v3_10\Library\gccCyBLEStack_BLE_SOC_PERIPHERAL.a(BT_os.o)
 .debug_frame   0x000018b4       0x44 C:\Program Files (x86)\Cypress\PSoC Creator\3.3\PSoC Creator\psoc\content\cycomponentlibrary\CyComponentLibrary.cylib\BLE_v3_10\Library\gccCyBLEStack_BLE_SOC_PERIPHERAL.a(BT_os.o)
 .debug_frame   0x000018f8       0x4c C:\Program Files (x86)\Cypress\PSoC Creator\3.3\PSoC Creator\psoc\content\cycomponentlibrary\CyComponentLibrary.cylib\BLE_v3_10\Library\gccCyBLEStack_BLE_SOC_PERIPHERAL.a(BT_os.o)
 .debug_frame   0x00001944       0x44 C:\Program Files (x86)\Cypress\PSoC Creator\3.3\PSoC Creator\psoc\content\cycomponentlibrary\CyComponentLibrary.cylib\BLE_v3_10\Library\gccCyBLEStack_BLE_SOC_PERIPHERAL.a(BT_os.o)
 .debug_frame   0x00001988       0x44 C:\Program Files (x86)\Cypress\PSoC Creator\3.3\PSoC Creator\psoc\content\cycomponentlibrary\CyComponentLibrary.cylib\BLE_v3_10\Library\gccCyBLEStack_BLE_SOC_PERIPHERAL.a(BT_timer.o)
 .debug_frame   0x000019cc       0x44 C:\Program Files (x86)\Cypress\PSoC Creator\3.3\PSoC Creator\psoc\content\cycomponentlibrary\CyComponentLibrary.cylib\BLE_v3_10\Library\gccCyBLEStack_BLE_SOC_PERIPHERAL.a(BT_timer.o)
 .debug_frame   0x00001a10       0x44 C:\Program Files (x86)\Cypress\PSoC Creator\3.3\PSoC Creator\psoc\content\cycomponentlibrary\CyComponentLibrary.cylib\BLE_v3_10\Library\gccCyBLEStack_BLE_SOC_PERIPHERAL.a(BT_timer.o)
 .debug_frame   0x00001a54       0x3c C:\Program Files (x86)\Cypress\PSoC Creator\3.3\PSoC Creator\psoc\content\cycomponentlibrary\CyComponentLibrary.cylib\BLE_v3_10\Library\gccCyBLEStack_BLE_SOC_PERIPHERAL.a(BT_timer.o)
 .debug_frame   0x00001a90       0x4c C:\Program Files (x86)\Cypress\PSoC Creator\3.3\PSoC Creator\psoc\content\cycomponentlibrary\CyComponentLibrary.cylib\BLE_v3_10\Library\gccCyBLEStack_BLE_SOC_PERIPHERAL.a(BT_timer.o)
 .debug_frame   0x00001adc       0x48 C:\Program Files (x86)\Cypress\PSoC Creator\3.3\PSoC Creator\psoc\content\cycomponentlibrary\CyComponentLibrary.cylib\BLE_v3_10\Library\gccCyBLEStack_BLE_SOC_PERIPHERAL.a(BT_timer.o)
 .debug_frame   0x00001b24       0x3c C:\Program Files (x86)\Cypress\PSoC Creator\3.3\PSoC Creator\psoc\content\cycomponentlibrary\CyComponentLibrary.cylib\BLE_v3_10\Library\gccCyBLEStack_BLE_SOC_PERIPHERAL.a(BT_timer.o)
 .debug_frame   0x00001b60       0x48 C:\Program Files (x86)\Cypress\PSoC Creator\3.3\PSoC Creator\psoc\content\cycomponentlibrary\CyComponentLibrary.cylib\BLE_v3_10\Library\gccCyBLEStack_BLE_SOC_PERIPHERAL.a(BT_timer.o)
 .debug_frame   0x00001ba8       0x48 C:\Program Files (x86)\Cypress\PSoC Creator\3.3\PSoC Creator\psoc\content\cycomponentlibrary\CyComponentLibrary.cylib\BLE_v3_10\Library\gccCyBLEStack_BLE_SOC_PERIPHERAL.a(BT_timer.o)
 .debug_frame   0x00001bf0       0x3c C:\Program Files (x86)\Cypress\PSoC Creator\3.3\PSoC Creator\psoc\content\cycomponentlibrary\CyComponentLibrary.cylib\BLE_v3_10\Library\gccCyBLEStack_BLE_SOC_PERIPHERAL.a(BT_timer.o)
 .debug_frame   0x00001c2c       0x54 C:\Program Files (x86)\Cypress\PSoC Creator\3.3\PSoC Creator\psoc\content\cycomponentlibrary\CyComponentLibrary.cylib\BLE_v3_10\Library\gccCyBLEStack_BLE_SOC_PERIPHERAL.a(BT_timer.o)
 .debug_frame   0x00001c80       0x4c C:\Program Files (x86)\Cypress\PSoC Creator\3.3\PSoC Creator\psoc\content\cycomponentlibrary\CyComponentLibrary.cylib\BLE_v3_10\Library\gccCyBLEStack_BLE_SOC_PERIPHERAL.a(BT_timer.o)
 .debug_frame   0x00001ccc       0x4c C:\Program Files (x86)\Cypress\PSoC Creator\3.3\PSoC Creator\psoc\content\cycomponentlibrary\CyComponentLibrary.cylib\BLE_v3_10\Library\gccCyBLEStack_BLE_SOC_PERIPHERAL.a(BT_timer.o)
 .debug_frame   0x00001d18       0x44 C:\Program Files (x86)\Cypress\PSoC Creator\3.3\PSoC Creator\psoc\content\cycomponentlibrary\CyComponentLibrary.cylib\BLE_v3_10\Library\gccCyBLEStack_BLE_SOC_PERIPHERAL.a(BT_timer.o)
 .debug_frame   0x00001d5c       0x44 C:\Program Files (x86)\Cypress\PSoC Creator\3.3\PSoC Creator\psoc\content\cycomponentlibrary\CyComponentLibrary.cylib\BLE_v3_10\Library\gccCyBLEStack_BLE_SOC_PERIPHERAL.a(CyBleStackMgr_StackTaskHandler.o)
 .debug_frame   0x00001da0       0x3c C:\Program Files (x86)\Cypress\PSoC Creator\3.3\PSoC Creator\psoc\content\cycomponentlibrary\CyComponentLibrary.cylib\BLE_v3_10\Library\gccCyBLEStack_BLE_SOC_PERIPHERAL.a(CyBleStackMgr_StackTaskHandler.o)
 .debug_frame   0x00001ddc       0x48 C:\Program Files (x86)\Cypress\PSoC Creator\3.3\PSoC Creator\psoc\content\cycomponentlibrary\CyComponentLibrary.cylib\BLE_v3_10\Library\gccCyBLEStack_BLE_SOC_PERIPHERAL.a(CyBleStackMgr_StackTaskHandler.o)
 .debug_frame   0x00001e24       0x44 C:\Program Files (x86)\Cypress\PSoC Creator\3.3\PSoC Creator\psoc\content\cycomponentlibrary\CyComponentLibrary.cylib\BLE_v3_10\Library\gccCyBLEStack_BLE_SOC_PERIPHERAL.a(CyBleStackMgr_StackTaskHandler.o)
 .debug_frame   0x00001e68       0x3c C:\Program Files (x86)\Cypress\PSoC Creator\3.3\PSoC Creator\psoc\content\cycomponentlibrary\CyComponentLibrary.cylib\BLE_v3_10\Library\gccCyBLEStack_BLE_SOC_PERIPHERAL.a(CyBleStackMgr_StackTaskHandler.o)
 .debug_frame   0x00001ea4       0x48 C:\Program Files (x86)\Cypress\PSoC Creator\3.3\PSoC Creator\psoc\content\cycomponentlibrary\CyComponentLibrary.cylib\BLE_v3_10\Library\gccCyBLEStack_BLE_SOC_PERIPHERAL.a(CyBleStackMgr_StackTaskHandler.o)
 .debug_frame   0x00001eec       0x3c C:\Program Files (x86)\Cypress\PSoC Creator\3.3\PSoC Creator\psoc\content\cycomponentlibrary\CyComponentLibrary.cylib\BLE_v3_10\Library\gccCyBLEStack_BLE_SOC_PERIPHERAL.a(transport_sf.o)
 .debug_frame   0x00001f28       0x48 C:\Program Files (x86)\Cypress\PSoC Creator\3.3\PSoC Creator\psoc\content\cycomponentlibrary\CyComponentLibrary.cylib\BLE_v3_10\Library\gccCyBLEStack_BLE_SOC_PERIPHERAL.a(transport_sf.o)
 .debug_frame   0x00001f70       0x3c C:\Program Files (x86)\Cypress\PSoC Creator\3.3\PSoC Creator\psoc\content\cycomponentlibrary\CyComponentLibrary.cylib\BLE_v3_10\Library\gccCyBLEStack_BLE_SOC_PERIPHERAL.a(transport_sf.o)
 .debug_frame   0x00001fac       0x3c C:\Program Files (x86)\Cypress\PSoC Creator\3.3\PSoC Creator\psoc\content\cycomponentlibrary\CyComponentLibrary.cylib\BLE_v3_10\Library\gccCyBLEStack_BLE_SOC_PERIPHERAL.a(transport_sf.o)
 .debug_frame   0x00001fe8       0x3c C:\Program Files (x86)\Cypress\PSoC Creator\3.3\PSoC Creator\psoc\content\cycomponentlibrary\CyComponentLibrary.cylib\BLE_v3_10\Library\gccCyBLEStack_BLE_SOC_PERIPHERAL.a(transport_sf.o)
 .debug_frame   0x00002024       0x3c C:\Program Files (x86)\Cypress\PSoC Creator\3.3\PSoC Creator\psoc\content\cycomponentlibrary\CyComponentLibrary.cylib\BLE_v3_10\Library\gccCyBLEStack_BLE_SOC_PERIPHERAL.a(transport_sf.o)
 .debug_frame   0x00002060       0x3c C:\Program Files (x86)\Cypress\PSoC Creator\3.3\PSoC Creator\psoc\content\cycomponentlibrary\CyComponentLibrary.cylib\BLE_v3_10\Library\gccCyBLEStack_BLE_SOC_PERIPHERAL.a(transport_sf.o)
 .debug_frame   0x0000209c       0x3c C:\Program Files (x86)\Cypress\PSoC Creator\3.3\PSoC Creator\psoc\content\cycomponentlibrary\CyComponentLibrary.cylib\BLE_v3_10\Library\gccCyBLEStack_BLE_SOC_PERIPHERAL.a(transport_sf.o)
 .debug_frame   0x000020d8       0x48 C:\Program Files (x86)\Cypress\PSoC Creator\3.3\PSoC Creator\psoc\content\cycomponentlibrary\CyComponentLibrary.cylib\BLE_v3_10\Library\gccCyBLEStack_BLE_SOC_PERIPHERAL.a(transport_sf.o)
 .debug_frame   0x00002120       0x50 C:\Program Files (x86)\Cypress\PSoC Creator\3.3\PSoC Creator\psoc\content\cycomponentlibrary\CyComponentLibrary.cylib\BLE_v3_10\Library\gccCyBLEStack_BLE_SOC_PERIPHERAL.a(transport_sf.o)
 .debug_frame   0x00002170       0x3c C:\Program Files (x86)\Cypress\PSoC Creator\3.3\PSoC Creator\psoc\content\cycomponentlibrary\CyComponentLibrary.cylib\BLE_v3_10\Library\gccCyBLEStack_BLE_SOC_PERIPHERAL.a(CyBleStackMgr_PSoCHal.o)
 .debug_frame   0x000021ac       0x48 C:\Program Files (x86)\Cypress\PSoC Creator\3.3\PSoC Creator\psoc\content\cycomponentlibrary\CyComponentLibrary.cylib\BLE_v3_10\Library\gccCyBLEStack_BLE_SOC_PERIPHERAL.a(CyBleStackMgr_PSoCHal.o)
 .debug_frame   0x000021f4       0x44 C:\Program Files (x86)\Cypress\PSoC Creator\3.3\PSoC Creator\psoc\content\cycomponentlibrary\CyComponentLibrary.cylib\BLE_v3_10\Library\gccCyBLEStack_BLE_SOC_PERIPHERAL.a(CyBleStackMgr_PSoCHal.o)
 .debug_frame   0x00002238       0x3c C:\Program Files (x86)\Cypress\PSoC Creator\3.3\PSoC Creator\psoc\content\cycomponentlibrary\CyComponentLibrary.cylib\BLE_v3_10\Library\gccCyBLEStack_BLE_SOC_PERIPHERAL.a(CyBleStackMgr_PSoCHal.o)
 .debug_frame   0x00002274       0x3c C:\Program Files (x86)\Cypress\PSoC Creator\3.3\PSoC Creator\psoc\content\cycomponentlibrary\CyComponentLibrary.cylib\BLE_v3_10\Library\gccCyBLEStack_BLE_SOC_PERIPHERAL.a(CyBleStackMgr_PSoCHal.o)
 .debug_frame   0x000022b0       0x44 C:\Program Files (x86)\Cypress\PSoC Creator\3.3\PSoC Creator\psoc\content\cycomponentlibrary\CyComponentLibrary.cylib\BLE_v3_10\Library\gccCyBLEStack_BLE_SOC_PERIPHERAL.a(CyBleStackMgr_PSoCHal.o)
 .debug_frame   0x000022f4       0x44 C:\Program Files (x86)\Cypress\PSoC Creator\3.3\PSoC Creator\psoc\content\cycomponentlibrary\CyComponentLibrary.cylib\BLE_v3_10\Library\gccCyBLEStack_BLE_SOC_PERIPHERAL.a(CyBleStackMgr_PSoCHal.o)
 .debug_frame   0x00002338       0x44 C:\Program Files (x86)\Cypress\PSoC Creator\3.3\PSoC Creator\psoc\content\cycomponentlibrary\CyComponentLibrary.cylib\BLE_v3_10\Library\gccCyBLEStack_BLE_SOC_PERIPHERAL.a(CyBleStackMgr_PSoCHal.o)
 .debug_frame   0x0000237c       0x3c C:\Program Files (x86)\Cypress\PSoC Creator\3.3\PSoC Creator\psoc\content\cycomponentlibrary\CyComponentLibrary.cylib\BLE_v3_10\Library\gccCyBLEStack_BLE_SOC_PERIPHERAL.a(CyBleStackMgr_PSoCHal.o)
 .debug_frame   0x000023b8       0x44 C:\Program Files (x86)\Cypress\PSoC Creator\3.3\PSoC Creator\psoc\content\cycomponentlibrary\CyComponentLibrary.cylib\BLE_v3_10\Library\gccCyBLEStack_BLE_SOC_PERIPHERAL.a(CyBleStackMgr_PSoCHal.o)
 .debug_frame   0x000023fc       0x44 C:\Program Files (x86)\Cypress\PSoC Creator\3.3\PSoC Creator\psoc\content\cycomponentlibrary\CyComponentLibrary.cylib\BLE_v3_10\Library\gccCyBLEStack_BLE_SOC_PERIPHERAL.a(CyBleStackMgr_PSoCHal.o)
 .debug_frame   0x00002440       0x3c C:\Program Files (x86)\Cypress\PSoC Creator\3.3\PSoC Creator\psoc\content\cycomponentlibrary\CyComponentLibrary.cylib\BLE_v3_10\Library\gccCyBLEStack_BLE_SOC_PERIPHERAL.a(CyBleStackMgr_PSoCHal.o)
 .debug_frame   0x0000247c       0x3c C:\Program Files (x86)\Cypress\PSoC Creator\3.3\PSoC Creator\psoc\content\cycomponentlibrary\CyComponentLibrary.cylib\BLE_v3_10\Library\gccCyBLEStack_BLE_SOC_PERIPHERAL.a(CyBleStackMgr_PSoCHal.o)
 .debug_frame   0x000024b8       0x44 C:\Program Files (x86)\Cypress\PSoC Creator\3.3\PSoC Creator\psoc\content\cycomponentlibrary\CyComponentLibrary.cylib\BLE_v3_10\Library\gccCyBLEStack_BLE_SOC_PERIPHERAL.a(CyBleStackMgr_PSoCHal.o)
 .debug_frame   0x000024fc       0x3c C:\Program Files (x86)\Cypress\PSoC Creator\3.3\PSoC Creator\psoc\content\cycomponentlibrary\CyComponentLibrary.cylib\BLE_v3_10\Library\gccCyBLEStack_BLE_SOC_PERIPHERAL.a(CyBleStackMgr_BleSSDriver.o)
 .debug_frame   0x00002538       0x4c C:\Program Files (x86)\Cypress\PSoC Creator\3.3\PSoC Creator\psoc\content\cycomponentlibrary\CyComponentLibrary.cylib\BLE_v3_10\Library\gccCyBLEStack_BLE_SOC_PERIPHERAL.a(CyBleStackMgr_BleSSDriver.o)
 .debug_frame   0x00002584       0x44 C:\Program Files (x86)\Cypress\PSoC Creator\3.3\PSoC Creator\psoc\content\cycomponentlibrary\CyComponentLibrary.cylib\BLE_v3_10\Library\gccCyBLEStack_BLE_SOC_PERIPHERAL.a(CyBleStackMgr_BleSSDriver.o)
 .debug_frame   0x000025c8       0x44 C:\Program Files (x86)\Cypress\PSoC Creator\3.3\PSoC Creator\psoc\content\cycomponentlibrary\CyComponentLibrary.cylib\BLE_v3_10\Library\gccCyBLEStack_BLE_SOC_PERIPHERAL.a(CyBleStackMgr_BleSSDriver.o)
 .debug_frame   0x0000260c       0x44 C:\Program Files (x86)\Cypress\PSoC Creator\3.3\PSoC Creator\psoc\content\cycomponentlibrary\CyComponentLibrary.cylib\BLE_v3_10\Library\gccCyBLEStack_BLE_SOC_PERIPHERAL.a(CyBleStackMgr_BleSSDriver.o)
 .debug_frame   0x00002650       0x3c C:\Program Files (x86)\Cypress\PSoC Creator\3.3\PSoC Creator\psoc\content\cycomponentlibrary\CyComponentLibrary.cylib\BLE_v3_10\Library\gccCyBLEStack_BLE_SOC_PERIPHERAL.a(CyBleStackMgr_BleSSDriver.o)
 .debug_frame   0x0000268c       0x44 C:\Program Files (x86)\Cypress\PSoC Creator\3.3\PSoC Creator\psoc\content\cycomponentlibrary\CyComponentLibrary.cylib\BLE_v3_10\Library\gccCyBLEStack_BLE_SOC_PERIPHERAL.a(CyBleStackMgr_BleSSDriver.o)
 .debug_frame   0x000026d0       0x44 C:\Program Files (x86)\Cypress\PSoC Creator\3.3\PSoC Creator\psoc\content\cycomponentlibrary\CyComponentLibrary.cylib\BLE_v3_10\Library\gccCyBLEStack_BLE_SOC_PERIPHERAL.a(CyBleStackMgr_BleSSDriver.o)
 .debug_frame   0x00002714       0x44 C:\Program Files (x86)\Cypress\PSoC Creator\3.3\PSoC Creator\psoc\content\cycomponentlibrary\CyComponentLibrary.cylib\BLE_v3_10\Library\gccCyBLEStack_BLE_SOC_PERIPHERAL.a(CyBleStackMgr_BleSSDriver.o)
 .debug_frame   0x00002758       0x44 C:\Program Files (x86)\Cypress\PSoC Creator\3.3\PSoC Creator\psoc\content\cycomponentlibrary\CyComponentLibrary.cylib\BLE_v3_10\Library\gccCyBLEStack_BLE_SOC_PERIPHERAL.a(CyBleStackMgr_BleSSDriver.o)
 .debug_frame   0x0000279c       0x3c C:\Program Files (x86)\Cypress\PSoC Creator\3.3\PSoC Creator\psoc\content\cycomponentlibrary\CyComponentLibrary.cylib\BLE_v3_10\Library\gccCyBLEStack_BLE_SOC_PERIPHERAL.a(CyBleStackMgr_BleSSDriver.o)
 .debug_frame   0x000027d8       0x44 C:\Program Files (x86)\Cypress\PSoC Creator\3.3\PSoC Creator\psoc\content\cycomponentlibrary\CyComponentLibrary.cylib\BLE_v3_10\Library\gccCyBLEStack_BLE_SOC_PERIPHERAL.a(CyBleStackMgr_BleSSDriver.o)
 .debug_frame   0x0000281c       0x3c C:\Program Files (x86)\Cypress\PSoC Creator\3.3\PSoC Creator\psoc\content\cycomponentlibrary\CyComponentLibrary.cylib\BLE_v3_10\Library\gccCyBLEStack_BLE_SOC_PERIPHERAL.a(CyBleStackMgr_BleSSDriver.o)
 .debug_frame   0x00002858       0x3c C:\Program Files (x86)\Cypress\PSoC Creator\3.3\PSoC Creator\psoc\content\cycomponentlibrary\CyComponentLibrary.cylib\BLE_v3_10\Library\gccCyBLEStack_BLE_SOC_PERIPHERAL.a(CyBleStackMgr_BleSSDriver.o)
 .debug_frame   0x00002894       0x44 C:\Program Files (x86)\Cypress\PSoC Creator\3.3\PSoC Creator\psoc\content\cycomponentlibrary\CyComponentLibrary.cylib\BLE_v3_10\Library\gccCyBLEStack_BLE_SOC_PERIPHERAL.a(CyBleStackMgr_BleSSDriver.o)
 .debug_frame   0x000028d8       0x3c C:\Program Files (x86)\Cypress\PSoC Creator\3.3\PSoC Creator\psoc\content\cycomponentlibrary\CyComponentLibrary.cylib\BLE_v3_10\Library\gccCyBLEStack_BLE_SOC_PERIPHERAL.a(CyBleStackMgr_BleSSDriver.o)
 .debug_frame   0x00002914       0x3c C:\Program Files (x86)\Cypress\PSoC Creator\3.3\PSoC Creator\psoc\content\cycomponentlibrary\CyComponentLibrary.cylib\BLE_v3_10\Library\gccCyBLEStack_BLE_SOC_PERIPHERAL.a(CyBleStackMgr_BleSSDriver.o)
 .debug_frame   0x00002950       0x3c C:\Program Files (x86)\Cypress\PSoC Creator\3.3\PSoC Creator\psoc\content\cycomponentlibrary\CyComponentLibrary.cylib\BLE_v3_10\Library\gccCyBLEStack_BLE_SOC_PERIPHERAL.a(CyBleStackMgr_BleSSDriver.o)
 .debug_frame   0x0000298c       0x3c C:\Program Files (x86)\Cypress\PSoC Creator\3.3\PSoC Creator\psoc\content\cycomponentlibrary\CyComponentLibrary.cylib\BLE_v3_10\Library\gccCyBLEStack_BLE_SOC_PERIPHERAL.a(CyBleStackMgr_BleSSDriver.o)
 .debug_frame   0x000029c8       0x48 C:\Program Files (x86)\Cypress\PSoC Creator\3.3\PSoC Creator\psoc\content\cycomponentlibrary\CyComponentLibrary.cylib\BLE_v3_10\Library\gccCyBLEStack_BLE_SOC_PERIPHERAL.a(CyBleStackMgr_BleSSDriver.o)
 .debug_frame   0x00002a10       0x48 C:\Program Files (x86)\Cypress\PSoC Creator\3.3\PSoC Creator\psoc\content\cycomponentlibrary\CyComponentLibrary.cylib\BLE_v3_10\Library\gccCyBLEStack_BLE_SOC_PERIPHERAL.a(CyBleStackMgr_BleSSDriver.o)
 .debug_frame   0x00002a58       0x48 C:\Program Files (x86)\Cypress\PSoC Creator\3.3\PSoC Creator\psoc\content\cycomponentlibrary\CyComponentLibrary.cylib\BLE_v3_10\Library\gccCyBLEStack_BLE_SOC_PERIPHERAL.a(CyBleStackMgr_BleSSDriver.o)
 .debug_frame   0x00002aa0       0x48 C:\Program Files (x86)\Cypress\PSoC Creator\3.3\PSoC Creator\psoc\content\cycomponentlibrary\CyComponentLibrary.cylib\BLE_v3_10\Library\gccCyBLEStack_BLE_SOC_PERIPHERAL.a(CyBleStackMgr_BleSSDriver.o)
 .debug_frame   0x00002ae8       0x4c C:\Program Files (x86)\Cypress\PSoC Creator\3.3\PSoC Creator\psoc\content\cycomponentlibrary\CyComponentLibrary.cylib\BLE_v3_10\Library\gccCyBLEStack_BLE_SOC_PERIPHERAL.a(CyBleStackMgr_BleSSDriver.o)
 .debug_frame   0x00002b34       0x3c C:\Program Files (x86)\Cypress\PSoC Creator\3.3\PSoC Creator\psoc\content\cycomponentlibrary\CyComponentLibrary.cylib\BLE_v3_10\Library\gccCyBLEStack_BLE_SOC_PERIPHERAL.a(CyBleStackMgr_BleSSDriver.o)
 .debug_frame   0x00002b70       0x48 C:\Program Files (x86)\Cypress\PSoC Creator\3.3\PSoC Creator\psoc\content\cycomponentlibrary\CyComponentLibrary.cylib\BLE_v3_10\Library\gccCyBLEStack_BLE_SOC_PERIPHERAL.a(CyBleStackMgr_BleSSDriver.o)
 .debug_frame   0x00002bb8       0x44 C:\Program Files (x86)\Cypress\PSoC Creator\3.3\PSoC Creator\psoc\content\cycomponentlibrary\CyComponentLibrary.cylib\BLE_v3_10\Library\gccCyBLEStack_BLE_SOC_PERIPHERAL.a(CyBleStackMgr_BleSSDriver.o)
 .debug_frame   0x00002bfc       0x4c C:\Program Files (x86)\Cypress\PSoC Creator\3.3\PSoC Creator\psoc\content\cycomponentlibrary\CyComponentLibrary.cylib\BLE_v3_10\Library\gccCyBLEStack_BLE_SOC_PERIPHERAL.a(CyBleStackMgr_BleSSDriver.o)
 .debug_frame   0x00002c48       0x3c C:\Program Files (x86)\Cypress\PSoC Creator\3.3\PSoC Creator\psoc\content\cycomponentlibrary\CyComponentLibrary.cylib\BLE_v3_10\Library\gccCyBLEStack_BLE_SOC_PERIPHERAL.a(CyBleStackMgr_BleSSDriver.o)
 .debug_frame   0x00002c84       0x44 C:\Program Files (x86)\Cypress\PSoC Creator\3.3\PSoC Creator\psoc\content\cycomponentlibrary\CyComponentLibrary.cylib\BLE_v3_10\Library\gccCyBLEStack_BLE_SOC_PERIPHERAL.a(CyBleStackMgr_BleSSDriver.o)
 .debug_frame   0x00002cc8       0x3c C:\Program Files (x86)\Cypress\PSoC Creator\3.3\PSoC Creator\psoc\content\cycomponentlibrary\CyComponentLibrary.cylib\BLE_v3_10\Library\gccCyBLEStack_BLE_SOC_PERIPHERAL.a(CyBleStackMgr_BleSSDriver.o)
 .debug_frame   0x00002d04       0x48 C:\Program Files (x86)\Cypress\PSoC Creator\3.3\PSoC Creator\psoc\content\cycomponentlibrary\CyComponentLibrary.cylib\BLE_v3_10\Library\gccCyBLEStack_BLE_SOC_PERIPHERAL.a(CyBleStackMgr_BleSSDriver.o)
 .debug_frame   0x00002d4c       0x3c C:\Program Files (x86)\Cypress\PSoC Creator\3.3\PSoC Creator\psoc\content\cycomponentlibrary\CyComponentLibrary.cylib\BLE_v3_10\Library\gccCyBLEStack_BLE_SOC_PERIPHERAL.a(CyBleStackMgr_BleSSDriver.o)
 .debug_frame   0x00002d88       0x3c C:\Program Files (x86)\Cypress\PSoC Creator\3.3\PSoC Creator\psoc\content\cycomponentlibrary\CyComponentLibrary.cylib\BLE_v3_10\Library\gccCyBLEStack_BLE_SOC_PERIPHERAL.a(storage_pl.o)
 .debug_frame   0x00002dc4       0x3c C:\Program Files (x86)\Cypress\PSoC Creator\3.3\PSoC Creator\psoc\content\cycomponentlibrary\CyComponentLibrary.cylib\BLE_v3_10\Library\gccCyBLEStack_BLE_SOC_PERIPHERAL.a(storage_pl.o)
 .debug_frame   0x00002e00       0x3c C:\Program Files (x86)\Cypress\PSoC Creator\3.3\PSoC Creator\psoc\content\cycomponentlibrary\CyComponentLibrary.cylib\BLE_v3_10\Library\gccCyBLEStack_BLE_SOC_PERIPHERAL.a(storage_pl.o)
 .debug_frame   0x00002e3c       0x4c C:\Program Files (x86)\Cypress\PSoC Creator\3.3\PSoC Creator\psoc\content\cycomponentlibrary\CyComponentLibrary.cylib\BLE_v3_10\Library\gccCyBLEStack_BLE_SOC_PERIPHERAL.a(storage_pl.o)
 .debug_frame   0x00002e88       0x44 C:\Program Files (x86)\Cypress\PSoC Creator\3.3\PSoC Creator\psoc\content\cycomponentlibrary\CyComponentLibrary.cylib\BLE_v3_10\Library\gccCyBLEStack_BLE_SOC_PERIPHERAL.a(storage_pl.o)
 .debug_frame   0x00002ecc       0x44 C:\Program Files (x86)\Cypress\PSoC Creator\3.3\PSoC Creator\psoc\content\cycomponentlibrary\CyComponentLibrary.cylib\BLE_v3_10\Library\gccCyBLEStack_BLE_SOC_PERIPHERAL.a(storage_pl.o)
 .debug_frame   0x00002f10       0x3c C:\Program Files (x86)\Cypress\PSoC Creator\3.3\PSoC Creator\psoc\content\cycomponentlibrary\CyComponentLibrary.cylib\BLE_v3_10\Library\gccCyBLEStack_BLE_SOC_PERIPHERAL.a(storage_pl.o)
 .debug_frame   0x00002f4c       0x3c C:\Program Files (x86)\Cypress\PSoC Creator\3.3\PSoC Creator\psoc\content\cycomponentlibrary\CyComponentLibrary.cylib\BLE_v3_10\Library\gccCyBLEStack_BLE_SOC_PERIPHERAL.a(storage_pl.o)
 .debug_frame   0x00002f88       0x4c C:\Program Files (x86)\Cypress\PSoC Creator\3.3\PSoC Creator\psoc\content\cycomponentlibrary\CyComponentLibrary.cylib\BLE_v3_10\Library\gccCyBLEStack_BLE_SOC_PERIPHERAL.a(storage_pl.o)
 .debug_frame   0x00002fd4       0x48 C:\Program Files (x86)\Cypress\PSoC Creator\3.3\PSoC Creator\psoc\content\cycomponentlibrary\CyComponentLibrary.cylib\BLE_v3_10\Library\gccCyBLEStack_BLE_SOC_PERIPHERAL.a(storage_pl.o)
 .debug_frame   0x0000301c       0x48 C:\Program Files (x86)\Cypress\PSoC Creator\3.3\PSoC Creator\psoc\content\cycomponentlibrary\CyComponentLibrary.cylib\BLE_v3_10\Library\gccCyBLEStack_BLE_SOC_PERIPHERAL.a(storage_pl.o)
 .debug_frame   0x00003064       0x44 C:\Program Files (x86)\Cypress\PSoC Creator\3.3\PSoC Creator\psoc\content\cycomponentlibrary\CyComponentLibrary.cylib\BLE_v3_10\Library\gccCyBLEStack_BLE_SOC_PERIPHERAL.a(storage_pl.o)
 .debug_frame   0x000030a8       0x48 C:\Program Files (x86)\Cypress\PSoC Creator\3.3\PSoC Creator\psoc\content\cycomponentlibrary\CyComponentLibrary.cylib\BLE_v3_10\Library\gccCyBLEStack_BLE_SOC_PERIPHERAL.a(storage_pl.o)
 .debug_frame   0x000030f0       0x4c C:\Program Files (x86)\Cypress\PSoC Creator\3.3\PSoC Creator\psoc\content\cycomponentlibrary\CyComponentLibrary.cylib\BLE_v3_10\Library\gccCyBLEStack_BLE_SOC_PERIPHERAL.a(storage_pl.o)
 .debug_frame   0x0000313c       0x3c C:\Program Files (x86)\Cypress\PSoC Creator\3.3\PSoC Creator\psoc\content\cycomponentlibrary\CyComponentLibrary.cylib\BLE_v3_10\Library\gccCyBLEStack_BLE_SOC_PERIPHERAL.a(storage_pl.o)
 .debug_frame   0x00003178       0x3c C:\Program Files (x86)\Cypress\PSoC Creator\3.3\PSoC Creator\psoc\content\cycomponentlibrary\CyComponentLibrary.cylib\BLE_v3_10\Library\gccCyBLEStack_BLE_SOC_PERIPHERAL.a(storage_pl.o)
 .debug_frame   0x000031b4       0x44 C:\Program Files (x86)\Cypress\PSoC Creator\3.3\PSoC Creator\psoc\content\cycomponentlibrary\CyComponentLibrary.cylib\BLE_v3_10\Library\gccCyBLEStack_BLE_SOC_PERIPHERAL.a(mint_os.o)
 .debug_frame   0x000031f8       0x3c C:\Program Files (x86)\Cypress\PSoC Creator\3.3\PSoC Creator\psoc\content\cycomponentlibrary\CyComponentLibrary.cylib\BLE_v3_10\Library\gccCyBLEStack_BLE_SOC_PERIPHERAL.a(mint_os.o)
 .debug_frame   0x00003234       0x44 C:\Program Files (x86)\Cypress\PSoC Creator\3.3\PSoC Creator\psoc\content\cycomponentlibrary\CyComponentLibrary.cylib\BLE_v3_10\Library\gccCyBLEStack_BLE_SOC_PERIPHERAL.a(mint_os.o)
 .debug_frame   0x00003278       0x3c C:\Program Files (x86)\Cypress\PSoC Creator\3.3\PSoC Creator\psoc\content\cycomponentlibrary\CyComponentLibrary.cylib\BLE_v3_10\Library\gccCyBLEStack_BLE_SOC_PERIPHERAL.a(mint_os.o)
 .debug_frame   0x000032b4       0x3c C:\Program Files (x86)\Cypress\PSoC Creator\3.3\PSoC Creator\psoc\content\cycomponentlibrary\CyComponentLibrary.cylib\BLE_v3_10\Library\gccCyBLEStack_BLE_SOC_PERIPHERAL.a(mint_os.o)
 .debug_frame   0x000032f0       0x4c C:\Program Files (x86)\Cypress\PSoC Creator\3.3\PSoC Creator\psoc\content\cycomponentlibrary\CyComponentLibrary.cylib\BLE_v3_10\Library\gccCyBLEStack_BLE_SOC_PERIPHERAL.a(mint_os_queue.o)
 .debug_frame   0x0000333c       0x3c C:\Program Files (x86)\Cypress\PSoC Creator\3.3\PSoC Creator\psoc\content\cycomponentlibrary\CyComponentLibrary.cylib\BLE_v3_10\Library\gccCyBLEStack_BLE_SOC_PERIPHERAL.a(mint_os_queue.o)
 .debug_frame   0x00003378       0x4c C:\Program Files (x86)\Cypress\PSoC Creator\3.3\PSoC Creator\psoc\content\cycomponentlibrary\CyComponentLibrary.cylib\BLE_v3_10\Library\gccCyBLEStack_BLE_SOC_PERIPHERAL.a(mint_os_queue.o)
 .debug_frame   0x000033c4       0x4c C:\Program Files (x86)\Cypress\PSoC Creator\3.3\PSoC Creator\psoc\content\cycomponentlibrary\CyComponentLibrary.cylib\BLE_v3_10\Library\gccCyBLEStack_BLE_SOC_PERIPHERAL.a(mint_os_queue.o)
 .debug_frame   0x00003410       0x4c C:\Program Files (x86)\Cypress\PSoC Creator\3.3\PSoC Creator\psoc\content\cycomponentlibrary\CyComponentLibrary.cylib\BLE_v3_10\Library\gccCyBLEStack_BLE_SOC_PERIPHERAL.a(mint_os_queue.o)
 .debug_frame   0x0000345c       0x3c C:\Program Files (x86)\Cypress\PSoC Creator\3.3\PSoC Creator\psoc\content\cycomponentlibrary\CyComponentLibrary.cylib\BLE_v3_10\Library\gccCyBLEStack_BLE_SOC_PERIPHERAL.a(mint_os_queue.o)
 .debug_frame   0x00003498       0x4c C:\Program Files (x86)\Cypress\PSoC Creator\3.3\PSoC Creator\psoc\content\cycomponentlibrary\CyComponentLibrary.cylib\BLE_v3_10\Library\gccCyBLEStack_BLE_SOC_PERIPHERAL.a(mint_os_task.o)
 .debug_frame   0x000034e4       0x4c C:\Program Files (x86)\Cypress\PSoC Creator\3.3\PSoC Creator\psoc\content\cycomponentlibrary\CyComponentLibrary.cylib\BLE_v3_10\Library\gccCyBLEStack_BLE_SOC_PERIPHERAL.a(mint_os_task.o)
 .debug_frame   0x00003530       0x48 C:\Program Files (x86)\Cypress\PSoC Creator\3.3\PSoC Creator\psoc\content\cycomponentlibrary\CyComponentLibrary.cylib\BLE_v3_10\Library\gccCyBLEStack_BLE_SOC_PERIPHERAL.a(mint_os_task.o)
 .debug_frame   0x00003578       0x4c C:\Program Files (x86)\Cypress\PSoC Creator\3.3\PSoC Creator\psoc\content\cycomponentlibrary\CyComponentLibrary.cylib\BLE_v3_10\Library\gccCyBLEStack_BLE_SOC_PERIPHERAL.a(mint_os_task.o)
 .debug_frame   0x000035c4       0x48 C:\Program Files (x86)\Cypress\PSoC Creator\3.3\PSoC Creator\psoc\content\cycomponentlibrary\CyComponentLibrary.cylib\BLE_v3_10\Library\gccCyBLEStack_BLE_SOC_PERIPHERAL.a(mint_os_task.o)
 .debug_frame   0x0000360c       0x3c C:\Program Files (x86)\Cypress\PSoC Creator\3.3\PSoC Creator\psoc\content\cycomponentlibrary\CyComponentLibrary.cylib\BLE_v3_10\Library\gccCyBLEStack_BLE_SOC_PERIPHERAL.a(mint_os_task.o)
 .debug_frame   0x00003648       0x4c C:\Program Files (x86)\Cypress\PSoC Creator\3.3\PSoC Creator\psoc\content\cycomponentlibrary\CyComponentLibrary.cylib\BLE_v3_10\Library\gccCyBLEStack_BLE_SOC_PERIPHERAL.a(mint_os_task.o)
 .debug_frame   0x00003694       0x4c C:\Program Files (x86)\Cypress\PSoC Creator\3.3\PSoC Creator\psoc\content\cycomponentlibrary\CyComponentLibrary.cylib\BLE_v3_10\Library\gccCyBLEStack_BLE_SOC_PERIPHERAL.a(mint_buf_mgmt.o)
 .debug_frame   0x000036e0       0x4c C:\Program Files (x86)\Cypress\PSoC Creator\3.3\PSoC Creator\psoc\content\cycomponentlibrary\CyComponentLibrary.cylib\BLE_v3_10\Library\gccCyBLEStack_BLE_SOC_PERIPHERAL.a(mint_buf_mgmt.o)
 .debug_frame   0x0000372c       0x48 C:\Program Files (x86)\Cypress\PSoC Creator\3.3\PSoC Creator\psoc\content\cycomponentlibrary\CyComponentLibrary.cylib\BLE_v3_10\Library\gccCyBLEStack_BLE_SOC_PERIPHERAL.a(mint_buf_mgmt.o)
 .debug_frame   0x00003774       0x3c C:\Program Files (x86)\Cypress\PSoC Creator\3.3\PSoC Creator\psoc\content\cycomponentlibrary\CyComponentLibrary.cylib\BLE_v3_10\Library\gccCyBLEStack_BLE_SOC_PERIPHERAL.a(mint_buf_mgmt.o)
 .debug_frame   0x000037b0       0x48 C:\Program Files (x86)\Cypress\PSoC Creator\3.3\PSoC Creator\psoc\content\cycomponentlibrary\CyComponentLibrary.cylib\BLE_v3_10\Library\gccCyBLEStack_BLE_SOC_PERIPHERAL.a(mint_buf_mgmt.o)
 .debug_frame   0x000037f8       0x50 C:\Program Files (x86)\Cypress\PSoC Creator\3.3\PSoC Creator\psoc\content\cycomponentlibrary\CyComponentLibrary.cylib\BLE_v3_10\Library\gccCyBLEStack_BLE_SOC_PERIPHERAL.a(mint_buf_mgmt.o)
 .debug_frame   0x00003848       0x3c C:\Program Files (x86)\Cypress\PSoC Creator\3.3\PSoC Creator\psoc\content\cycomponentlibrary\CyComponentLibrary.cylib\BLE_v3_10\Library\gccCyBLEStack_BLE_SOC_PERIPHERAL.a(mint_buf_mgmt.o)
 .debug_frame   0x00003884       0x44 C:\Program Files (x86)\Cypress\PSoC Creator\3.3\PSoC Creator\psoc\content\cycomponentlibrary\CyComponentLibrary.cylib\BLE_v3_10\Library\gccCyBLEStack_BLE_SOC_PERIPHERAL.a(mint_buf_mgmt.o)
 .debug_frame   0x000038c8       0x4c C:\Program Files (x86)\Cypress\PSoC Creator\3.3\PSoC Creator\psoc\content\cycomponentlibrary\CyComponentLibrary.cylib\BLE_v3_10\Library\gccCyBLEStack_BLE_SOC_PERIPHERAL.a(mint_buf_mgmt.o)
 .debug_frame   0x00003914       0x48 C:\Program Files (x86)\Cypress\PSoC Creator\3.3\PSoC Creator\psoc\content\cycomponentlibrary\CyComponentLibrary.cylib\BLE_v3_10\Library\gccCyBLEStack_BLE_SOC_PERIPHERAL.a(mint_buf_mgmt.o)
 .debug_frame   0x0000395c       0x48 C:\Program Files (x86)\Cypress\PSoC Creator\3.3\PSoC Creator\psoc\content\cycomponentlibrary\CyComponentLibrary.cylib\BLE_v3_10\Library\gccCyBLEStack_BLE_SOC_PERIPHERAL.a(mint_buf_mgmt.o)
 .debug_frame   0x000039a4       0x4c C:\Program Files (x86)\Cypress\PSoC Creator\3.3\PSoC Creator\psoc\content\cycomponentlibrary\CyComponentLibrary.cylib\BLE_v3_10\Library\gccCyBLEStack_BLE_SOC_PERIPHERAL.a(mint_buf_mgmt.o)
 .debug_frame   0x000039f0       0x4c C:\Program Files (x86)\Cypress\PSoC Creator\3.3\PSoC Creator\psoc\content\cycomponentlibrary\CyComponentLibrary.cylib\BLE_v3_10\Library\gccCyBLEStack_BLE_SOC_PERIPHERAL.a(mint_buf_mgmt.o)
 .debug_frame   0x00003a3c       0x3c C:\Program Files (x86)\Cypress\PSoC Creator\3.3\PSoC Creator\psoc\content\cycomponentlibrary\CyComponentLibrary.cylib\BLE_v3_10\Library\gccCyBLEStack_BLE_SOC_PERIPHERAL.a(mint_buf_mgmt.o)
 .debug_frame   0x00003a78       0x3c C:\Program Files (x86)\Cypress\PSoC Creator\3.3\PSoC Creator\psoc\content\cycomponentlibrary\CyComponentLibrary.cylib\BLE_v3_10\Library\gccCyBLEStack_BLE_SOC_PERIPHERAL.a(mint_buf_mgmt.o)
 .debug_frame   0x00003ab4       0x44 C:\Program Files (x86)\Cypress\PSoC Creator\3.3\PSoC Creator\psoc\content\cycomponentlibrary\CyComponentLibrary.cylib\BLE_v3_10\Library\gccCyBLEStack_BLE_SOC_PERIPHERAL.a(CyBleControllerIP_Interface.o)
 .debug_frame   0x00003af8       0x44 C:\Program Files (x86)\Cypress\PSoC Creator\3.3\PSoC Creator\psoc\content\cycomponentlibrary\CyComponentLibrary.cylib\BLE_v3_10\Library\gccCyBLEStack_BLE_SOC_PERIPHERAL.a(CyBleControllerIP_Interface.o)
 .debug_frame   0x00003b3c       0x3c C:\Program Files (x86)\Cypress\PSoC Creator\3.3\PSoC Creator\psoc\content\cycomponentlibrary\CyComponentLibrary.cylib\BLE_v3_10\Library\gccCyBLEStack_BLE_SOC_PERIPHERAL.a(CyBleControllerIP_Interface.o)
 .debug_frame   0x00003b78       0x3c C:\Program Files (x86)\Cypress\PSoC Creator\3.3\PSoC Creator\psoc\content\cycomponentlibrary\CyComponentLibrary.cylib\BLE_v3_10\Library\gccCyBLEStack_BLE_SOC_PERIPHERAL.a(CyBleControllerIP_Interface.o)
 .debug_frame   0x00003bb4       0x44 C:\Program Files (x86)\Cypress\PSoC Creator\3.3\PSoC Creator\psoc\content\cycomponentlibrary\CyComponentLibrary.cylib\BLE_v3_10\Library\gccCyBLEStack_BLE_SOC_PERIPHERAL.a(CyBleControllerIP_Interface.o)
 .debug_frame   0x00003bf8       0x44 C:\Program Files (x86)\Cypress\PSoC Creator\3.3\PSoC Creator\psoc\content\cycomponentlibrary\CyComponentLibrary.cylib\BLE_v3_10\Library\gccCyBLEStack_BLE_SOC_PERIPHERAL.a(CyBleControllerIP_Interface.o)
 .debug_frame   0x00003c3c       0x44 C:\Program Files (x86)\Cypress\PSoC Creator\3.3\PSoC Creator\psoc\content\cycomponentlibrary\CyComponentLibrary.cylib\BLE_v3_10\Library\gccCyBLEStack_BLE_SOC_PERIPHERAL.a(CyBleControllerIP_Interface.o)
 .debug_frame   0x00003c80       0x44 C:\Program Files (x86)\Cypress\PSoC Creator\3.3\PSoC Creator\psoc\content\cycomponentlibrary\CyComponentLibrary.cylib\BLE_v3_10\Library\gccCyBLEStack_BLE_SOC_PERIPHERAL.a(CyBleControllerIP_Interface.o)
 .debug_frame   0x00003cc4       0x48 C:\Program Files (x86)\Cypress\PSoC Creator\3.3\PSoC Creator\psoc\content\cycomponentlibrary\CyComponentLibrary.cylib\BLE_v3_10\Library\gccCyBLEStack_BLE_SOC_PERIPHERAL.a(CyBleControllerIP_Interface.o)
 .debug_frame   0x00003d0c       0x4c C:\Program Files (x86)\Cypress\PSoC Creator\3.3\PSoC Creator\psoc\content\cycomponentlibrary\CyComponentLibrary.cylib\BLE_v3_10\Library\gccCyBLEStack_BLE_SOC_PERIPHERAL.a(CyBleControllerIP_Interface.o)
 .debug_frame   0x00003d58       0x44 C:\Program Files (x86)\Cypress\PSoC Creator\3.3\PSoC Creator\psoc\content\cycomponentlibrary\CyComponentLibrary.cylib\BLE_v3_10\Library\gccCyBLEStack_BLE_SOC_PERIPHERAL.a(CyBleControllerIP_Interface.o)
 .debug_frame   0x00003d9c       0x3c C:\Program Files (x86)\Cypress\PSoC Creator\3.3\PSoC Creator\psoc\content\cycomponentlibrary\CyComponentLibrary.cylib\BLE_v3_10\Library\gccCyBLEStack_BLE_SOC_PERIPHERAL.a(CyBleControllerIP_Interface.o)
 .debug_frame   0x00003dd8       0x44 C:\Program Files (x86)\Cypress\PSoC Creator\3.3\PSoC Creator\psoc\content\cycomponentlibrary\CyComponentLibrary.cylib\BLE_v3_10\Library\gccCyBLEStack_BLE_SOC_PERIPHERAL.a(CyBleControllerIP_Interface.o)
 .debug_frame   0x00003e1c       0x3c C:\Program Files (x86)\Cypress\PSoC Creator\3.3\PSoC Creator\psoc\content\cycomponentlibrary\CyComponentLibrary.cylib\BLE_v3_10\Library\gccCyBLEStack_BLE_SOC_PERIPHERAL.a(CyBleControllerIP_Interface.o)
 .debug_frame   0x00003e58       0x3c C:\Program Files (x86)\Cypress\PSoC Creator\3.3\PSoC Creator\psoc\content\cycomponentlibrary\CyComponentLibrary.cylib\BLE_v3_10\Library\gccCyBLEStack_BLE_SOC_PERIPHERAL.a(CyBleControllerIP_Interface.o)
 .debug_frame   0x00003e94       0x3c C:\Program Files (x86)\Cypress\PSoC Creator\3.3\PSoC Creator\psoc\content\cycomponentlibrary\CyComponentLibrary.cylib\BLE_v3_10\Library\gccCyBLEStack_BLE_SOC_PERIPHERAL.a(CyBleControllerIP_Interface.o)
 .debug_frame   0x00003ed0       0x44 C:\Program Files (x86)\Cypress\PSoC Creator\3.3\PSoC Creator\psoc\content\cycomponentlibrary\CyComponentLibrary.cylib\BLE_v3_10\Library\gccCyBLEStack_BLE_SOC_PERIPHERAL.a(CyBleControllerIP_Interface.o)
 .debug_frame   0x00003f14       0x50 C:\Program Files (x86)\Cypress\PSoC Creator\3.3\PSoC Creator\psoc\content\cycomponentlibrary\CyComponentLibrary.cylib\BLE_v3_10\Library\gccCyBLEStack_BLE_SOC_PERIPHERAL.a(CyBleControllerIP_Interface.o)
 .debug_frame   0x00003f64       0x48 C:\Program Files (x86)\Cypress\PSoC Creator\3.3\PSoC Creator\psoc\content\cycomponentlibrary\CyComponentLibrary.cylib\BLE_v3_10\Library\gccCyBLEStack_BLE_SOC_PERIPHERAL.a(CyBleControllerIP_Interface.o)
 .debug_frame   0x00003fac       0x4c C:\Program Files (x86)\Cypress\PSoC Creator\3.3\PSoC Creator\psoc\content\cycomponentlibrary\CyComponentLibrary.cylib\BLE_v3_10\Library\gccCyBLEStack_BLE_SOC_PERIPHERAL.a(CyBleControllerIP_Interface.o)
 .debug_frame   0x00003ff8       0x4c C:\Program Files (x86)\Cypress\PSoC Creator\3.3\PSoC Creator\psoc\content\cycomponentlibrary\CyComponentLibrary.cylib\BLE_v3_10\Library\gccCyBLEStack_BLE_SOC_PERIPHERAL.a(CyBleControllerIP_Interface.o)
 .debug_frame   0x00004044       0x50 C:\Program Files (x86)\Cypress\PSoC Creator\3.3\PSoC Creator\psoc\content\cycomponentlibrary\CyComponentLibrary.cylib\BLE_v3_10\Library\gccCyBLEStack_BLE_SOC_PERIPHERAL.a(CyBleControllerIP_Interface.o)
 .debug_frame   0x00004094       0x4c C:\Program Files (x86)\Cypress\PSoC Creator\3.3\PSoC Creator\psoc\content\cycomponentlibrary\CyComponentLibrary.cylib\BLE_v3_10\Library\gccCyBLEStack_BLE_SOC_PERIPHERAL.a(CyBleControllerIP_Interface.o)
 .debug_frame   0x000040e0       0x48 C:\Program Files (x86)\Cypress\PSoC Creator\3.3\PSoC Creator\psoc\content\cycomponentlibrary\CyComponentLibrary.cylib\BLE_v3_10\Library\gccCyBLEStack_BLE_SOC_PERIPHERAL.a(CyBleControllerIP_Interface.o)
 .debug_frame   0x00004128       0x48 C:\Program Files (x86)\Cypress\PSoC Creator\3.3\PSoC Creator\psoc\content\cycomponentlibrary\CyComponentLibrary.cylib\BLE_v3_10\Library\gccCyBLEStack_BLE_SOC_PERIPHERAL.a(CyBleControllerIP_Interface.o)
 .debug_frame   0x00004170       0x44 C:\Program Files (x86)\Cypress\PSoC Creator\3.3\PSoC Creator\psoc\content\cycomponentlibrary\CyComponentLibrary.cylib\BLE_v3_10\Library\gccCyBLEStack_BLE_SOC_PERIPHERAL.a(CyBleControllerIP_Interface.o)
 .debug_frame   0x000041b4       0x48 C:\Program Files (x86)\Cypress\PSoC Creator\3.3\PSoC Creator\psoc\content\cycomponentlibrary\CyComponentLibrary.cylib\BLE_v3_10\Library\gccCyBLEStack_BLE_SOC_PERIPHERAL.a(CyBleControllerIP_Interface.o)
 .debug_frame   0x000041fc       0x48 C:\Program Files (x86)\Cypress\PSoC Creator\3.3\PSoC Creator\psoc\content\cycomponentlibrary\CyComponentLibrary.cylib\BLE_v3_10\Library\gccCyBLEStack_BLE_SOC_PERIPHERAL.a(CyBleControllerIP_Interface.o)
 .debug_frame   0x00004244       0x50 C:\Program Files (x86)\Cypress\PSoC Creator\3.3\PSoC Creator\psoc\content\cycomponentlibrary\CyComponentLibrary.cylib\BLE_v3_10\Library\gccCyBLEStack_BLE_SOC_PERIPHERAL.a(CyBleControllerIP_Interface.o)
 .debug_frame   0x00004294       0x44 C:\Program Files (x86)\Cypress\PSoC Creator\3.3\PSoC Creator\psoc\content\cycomponentlibrary\CyComponentLibrary.cylib\BLE_v3_10\Library\gccCyBLEStack_BLE_SOC_PERIPHERAL.a(CyBleControllerIP_Interface.o)
 .debug_frame   0x000042d8       0x44 C:\Program Files (x86)\Cypress\PSoC Creator\3.3\PSoC Creator\psoc\content\cycomponentlibrary\CyComponentLibrary.cylib\BLE_v3_10\Library\gccCyBLEStack_BLE_SOC_PERIPHERAL.a(CyBleControllerIP_Interface.o)
 .debug_frame   0x0000431c       0x44 C:\Program Files (x86)\Cypress\PSoC Creator\3.3\PSoC Creator\psoc\content\cycomponentlibrary\CyComponentLibrary.cylib\BLE_v3_10\Library\gccCyBLEStack_BLE_SOC_PERIPHERAL.a(CyBleControllerIP_Interface.o)
 .debug_frame   0x00004360       0x4c C:\Program Files (x86)\Cypress\PSoC Creator\3.3\PSoC Creator\psoc\content\cycomponentlibrary\CyComponentLibrary.cylib\BLE_v3_10\Library\gccCyBLEStack_BLE_SOC_PERIPHERAL.a(CyBleControllerIP_Interface.o)
 .debug_frame   0x000043ac       0x48 C:\Program Files (x86)\Cypress\PSoC Creator\3.3\PSoC Creator\psoc\content\cycomponentlibrary\CyComponentLibrary.cylib\BLE_v3_10\Library\gccCyBLEStack_BLE_SOC_PERIPHERAL.a(CyBleControllerIP_Interface.o)
 .debug_frame   0x000043f4       0x48 C:\Program Files (x86)\Cypress\PSoC Creator\3.3\PSoC Creator\psoc\content\cycomponentlibrary\CyComponentLibrary.cylib\BLE_v3_10\Library\gccCyBLEStack_BLE_SOC_PERIPHERAL.a(CyBleControllerIP_Interface.o)
 .debug_frame   0x0000443c       0x44 C:\Program Files (x86)\Cypress\PSoC Creator\3.3\PSoC Creator\psoc\content\cycomponentlibrary\CyComponentLibrary.cylib\BLE_v3_10\Library\gccCyBLEStack_BLE_SOC_PERIPHERAL.a(CyBleControllerIP_Interface.o)
 .debug_frame   0x00004480       0x44 C:\Program Files (x86)\Cypress\PSoC Creator\3.3\PSoC Creator\psoc\content\cycomponentlibrary\CyComponentLibrary.cylib\BLE_v3_10\Library\gccCyBLEStack_BLE_SOC_PERIPHERAL.a(CyBleControllerIP_Interface.o)
 .debug_frame   0x000044c4       0x44 C:\Program Files (x86)\Cypress\PSoC Creator\3.3\PSoC Creator\psoc\content\cycomponentlibrary\CyComponentLibrary.cylib\BLE_v3_10\Library\gccCyBLEStack_BLE_SOC_PERIPHERAL.a(CyBleControllerIP_Interface.o)
 .debug_frame   0x00004508       0x4c C:\Program Files (x86)\Cypress\PSoC Creator\3.3\PSoC Creator\psoc\content\cycomponentlibrary\CyComponentLibrary.cylib\BLE_v3_10\Library\gccCyBLEStack_BLE_SOC_PERIPHERAL.a(ll.o)
 .debug_frame   0x00004554       0x50 C:\Program Files (x86)\Cypress\PSoC Creator\3.3\PSoC Creator\psoc\content\cycomponentlibrary\CyComponentLibrary.cylib\BLE_v3_10\Library\gccCyBLEStack_BLE_SOC_PERIPHERAL.a(ll.o)
 .debug_frame   0x000045a4       0x44 C:\Program Files (x86)\Cypress\PSoC Creator\3.3\PSoC Creator\psoc\content\cycomponentlibrary\CyComponentLibrary.cylib\BLE_v3_10\Library\gccCyBLEStack_BLE_SOC_PERIPHERAL.a(ll.o)
 .debug_frame   0x000045e8       0x44 C:\Program Files (x86)\Cypress\PSoC Creator\3.3\PSoC Creator\psoc\content\cycomponentlibrary\CyComponentLibrary.cylib\BLE_v3_10\Library\gccCyBLEStack_BLE_SOC_PERIPHERAL.a(ll.o)
 .debug_frame   0x0000462c       0x44 C:\Program Files (x86)\Cypress\PSoC Creator\3.3\PSoC Creator\psoc\content\cycomponentlibrary\CyComponentLibrary.cylib\BLE_v3_10\Library\gccCyBLEStack_BLE_SOC_PERIPHERAL.a(ll.o)
 .debug_frame   0x00004670       0x44 C:\Program Files (x86)\Cypress\PSoC Creator\3.3\PSoC Creator\psoc\content\cycomponentlibrary\CyComponentLibrary.cylib\BLE_v3_10\Library\gccCyBLEStack_BLE_SOC_PERIPHERAL.a(ll.o)
 .debug_frame   0x000046b4       0x3c C:\Program Files (x86)\Cypress\PSoC Creator\3.3\PSoC Creator\psoc\content\cycomponentlibrary\CyComponentLibrary.cylib\BLE_v3_10\Library\gccCyBLEStack_BLE_SOC_PERIPHERAL.a(ll.o)
 .debug_frame   0x000046f0       0x44 C:\Program Files (x86)\Cypress\PSoC Creator\3.3\PSoC Creator\psoc\content\cycomponentlibrary\CyComponentLibrary.cylib\BLE_v3_10\Library\gccCyBLEStack_BLE_SOC_PERIPHERAL.a(ll.o)
 .debug_frame   0x00004734       0x3c C:\Program Files (x86)\Cypress\PSoC Creator\3.3\PSoC Creator\psoc\content\cycomponentlibrary\CyComponentLibrary.cylib\BLE_v3_10\Library\gccCyBLEStack_BLE_SOC_PERIPHERAL.a(ll.o)
 .debug_frame   0x00004770       0x44 C:\Program Files (x86)\Cypress\PSoC Creator\3.3\PSoC Creator\psoc\content\cycomponentlibrary\CyComponentLibrary.cylib\BLE_v3_10\Library\gccCyBLEStack_BLE_SOC_PERIPHERAL.a(ll.o)
 .debug_frame   0x000047b4       0x44 C:\Program Files (x86)\Cypress\PSoC Creator\3.3\PSoC Creator\psoc\content\cycomponentlibrary\CyComponentLibrary.cylib\BLE_v3_10\Library\gccCyBLEStack_BLE_SOC_PERIPHERAL.a(ll.o)
 .debug_frame   0x000047f8       0x44 C:\Program Files (x86)\Cypress\PSoC Creator\3.3\PSoC Creator\psoc\content\cycomponentlibrary\CyComponentLibrary.cylib\BLE_v3_10\Library\gccCyBLEStack_BLE_SOC_PERIPHERAL.a(ll.o)
 .debug_frame   0x0000483c       0x44 C:\Program Files (x86)\Cypress\PSoC Creator\3.3\PSoC Creator\psoc\content\cycomponentlibrary\CyComponentLibrary.cylib\BLE_v3_10\Library\gccCyBLEStack_BLE_SOC_PERIPHERAL.a(ll.o)
 .debug_frame   0x00004880       0x3c C:\Program Files (x86)\Cypress\PSoC Creator\3.3\PSoC Creator\psoc\content\cycomponentlibrary\CyComponentLibrary.cylib\BLE_v3_10\Library\gccCyBLEStack_BLE_SOC_PERIPHERAL.a(ll.o)
 .debug_frame   0x000048bc       0x48 C:\Program Files (x86)\Cypress\PSoC Creator\3.3\PSoC Creator\psoc\content\cycomponentlibrary\CyComponentLibrary.cylib\BLE_v3_10\Library\gccCyBLEStack_BLE_SOC_PERIPHERAL.a(ll.o)
 .debug_frame   0x00004904       0x44 C:\Program Files (x86)\Cypress\PSoC Creator\3.3\PSoC Creator\psoc\content\cycomponentlibrary\CyComponentLibrary.cylib\BLE_v3_10\Library\gccCyBLEStack_BLE_SOC_PERIPHERAL.a(ll.o)
 .debug_frame   0x00004948       0x44 C:\Program Files (x86)\Cypress\PSoC Creator\3.3\PSoC Creator\psoc\content\cycomponentlibrary\CyComponentLibrary.cylib\BLE_v3_10\Library\gccCyBLEStack_BLE_SOC_PERIPHERAL.a(ll.o)
 .debug_frame   0x0000498c       0x44 C:\Program Files (x86)\Cypress\PSoC Creator\3.3\PSoC Creator\psoc\content\cycomponentlibrary\CyComponentLibrary.cylib\BLE_v3_10\Library\gccCyBLEStack_BLE_SOC_PERIPHERAL.a(ll.o)
 .debug_frame   0x000049d0       0x4c C:\Program Files (x86)\Cypress\PSoC Creator\3.3\PSoC Creator\psoc\content\cycomponentlibrary\CyComponentLibrary.cylib\BLE_v3_10\Library\gccCyBLEStack_BLE_SOC_PERIPHERAL.a(ll.o)
 .debug_frame   0x00004a1c       0x4c C:\Program Files (x86)\Cypress\PSoC Creator\3.3\PSoC Creator\psoc\content\cycomponentlibrary\CyComponentLibrary.cylib\BLE_v3_10\Library\gccCyBLEStack_BLE_SOC_PERIPHERAL.a(ll.o)
 .debug_frame   0x00004a68       0x3c C:\Program Files (x86)\Cypress\PSoC Creator\3.3\PSoC Creator\psoc\content\cycomponentlibrary\CyComponentLibrary.cylib\BLE_v3_10\Library\gccCyBLEStack_BLE_SOC_PERIPHERAL.a(ll.o)
 .debug_frame   0x00004aa4       0x48 C:\Program Files (x86)\Cypress\PSoC Creator\3.3\PSoC Creator\psoc\content\cycomponentlibrary\CyComponentLibrary.cylib\BLE_v3_10\Library\gccCyBLEStack_BLE_SOC_PERIPHERAL.a(ll.o)
 .debug_frame   0x00004aec       0x54 C:\Program Files (x86)\Cypress\PSoC Creator\3.3\PSoC Creator\psoc\content\cycomponentlibrary\CyComponentLibrary.cylib\BLE_v3_10\Library\gccCyBLEStack_BLE_SOC_PERIPHERAL.a(ll.o)
 .debug_frame   0x00004b40       0x3c C:\Program Files (x86)\Cypress\PSoC Creator\3.3\PSoC Creator\psoc\content\cycomponentlibrary\CyComponentLibrary.cylib\BLE_v3_10\Library\gccCyBLEStack_BLE_SOC_PERIPHERAL.a(ll.o)
 .debug_frame   0x00004b7c       0x44 C:\Program Files (x86)\Cypress\PSoC Creator\3.3\PSoC Creator\psoc\content\cycomponentlibrary\CyComponentLibrary.cylib\BLE_v3_10\Library\gccCyBLEStack_BLE_SOC_PERIPHERAL.a(ll.o)
 .debug_frame   0x00004bc0       0x4c C:\Program Files (x86)\Cypress\PSoC Creator\3.3\PSoC Creator\psoc\content\cycomponentlibrary\CyComponentLibrary.cylib\BLE_v3_10\Library\gccCyBLEStack_BLE_SOC_PERIPHERAL.a(ll.o)
 .debug_frame   0x00004c0c       0x4c C:\Program Files (x86)\Cypress\PSoC Creator\3.3\PSoC Creator\psoc\content\cycomponentlibrary\CyComponentLibrary.cylib\BLE_v3_10\Library\gccCyBLEStack_BLE_SOC_PERIPHERAL.a(ll.o)
 .debug_frame   0x00004c58       0x3c C:\Program Files (x86)\Cypress\PSoC Creator\3.3\PSoC Creator\psoc\content\cycomponentlibrary\CyComponentLibrary.cylib\BLE_v3_10\Library\gccCyBLEStack_BLE_SOC_PERIPHERAL.a(ll.o)
 .debug_frame   0x00004c94       0x4c C:\Program Files (x86)\Cypress\PSoC Creator\3.3\PSoC Creator\psoc\content\cycomponentlibrary\CyComponentLibrary.cylib\BLE_v3_10\Library\gccCyBLEStack_BLE_SOC_PERIPHERAL.a(ll.o)
 .debug_frame   0x00004ce0       0x48 C:\Program Files (x86)\Cypress\PSoC Creator\3.3\PSoC Creator\psoc\content\cycomponentlibrary\CyComponentLibrary.cylib\BLE_v3_10\Library\gccCyBLEStack_BLE_SOC_PERIPHERAL.a(ll.o)
 .debug_frame   0x00004d28       0x44 C:\Program Files (x86)\Cypress\PSoC Creator\3.3\PSoC Creator\psoc\content\cycomponentlibrary\CyComponentLibrary.cylib\BLE_v3_10\Library\gccCyBLEStack_BLE_SOC_PERIPHERAL.a(ll.o)
 .debug_frame   0x00004d6c       0x4c C:\Program Files (x86)\Cypress\PSoC Creator\3.3\PSoC Creator\psoc\content\cycomponentlibrary\CyComponentLibrary.cylib\BLE_v3_10\Library\gccCyBLEStack_BLE_SOC_PERIPHERAL.a(ll.o)
 .debug_frame   0x00004db8       0x4c C:\Program Files (x86)\Cypress\PSoC Creator\3.3\PSoC Creator\psoc\content\cycomponentlibrary\CyComponentLibrary.cylib\BLE_v3_10\Library\gccCyBLEStack_BLE_SOC_PERIPHERAL.a(ll.o)
 .debug_frame   0x00004e04       0x44 C:\Program Files (x86)\Cypress\PSoC Creator\3.3\PSoC Creator\psoc\content\cycomponentlibrary\CyComponentLibrary.cylib\BLE_v3_10\Library\gccCyBLEStack_BLE_SOC_PERIPHERAL.a(ll.o)
 .debug_frame   0x00004e48       0x44 C:\Program Files (x86)\Cypress\PSoC Creator\3.3\PSoC Creator\psoc\content\cycomponentlibrary\CyComponentLibrary.cylib\BLE_v3_10\Library\gccCyBLEStack_BLE_SOC_PERIPHERAL.a(ll.o)
 .debug_frame   0x00004e8c       0x4c C:\Program Files (x86)\Cypress\PSoC Creator\3.3\PSoC Creator\psoc\content\cycomponentlibrary\CyComponentLibrary.cylib\BLE_v3_10\Library\gccCyBLEStack_BLE_SOC_PERIPHERAL.a(ll.o)
 .debug_frame   0x00004ed8       0x48 C:\Program Files (x86)\Cypress\PSoC Creator\3.3\PSoC Creator\psoc\content\cycomponentlibrary\CyComponentLibrary.cylib\BLE_v3_10\Library\gccCyBLEStack_BLE_SOC_PERIPHERAL.a(ll.o)
 .debug_frame   0x00004f20       0x48 C:\Program Files (x86)\Cypress\PSoC Creator\3.3\PSoC Creator\psoc\content\cycomponentlibrary\CyComponentLibrary.cylib\BLE_v3_10\Library\gccCyBLEStack_BLE_SOC_PERIPHERAL.a(ll.o)
 .debug_frame   0x00004f68       0x4c C:\Program Files (x86)\Cypress\PSoC Creator\3.3\PSoC Creator\psoc\content\cycomponentlibrary\CyComponentLibrary.cylib\BLE_v3_10\Library\gccCyBLEStack_BLE_SOC_PERIPHERAL.a(ll.o)
 .debug_frame   0x00004fb4       0x48 C:\Program Files (x86)\Cypress\PSoC Creator\3.3\PSoC Creator\psoc\content\cycomponentlibrary\CyComponentLibrary.cylib\BLE_v3_10\Library\gccCyBLEStack_BLE_SOC_PERIPHERAL.a(ll.o)
 .debug_frame   0x00004ffc       0x44 C:\Program Files (x86)\Cypress\PSoC Creator\3.3\PSoC Creator\psoc\content\cycomponentlibrary\CyComponentLibrary.cylib\BLE_v3_10\Library\gccCyBLEStack_BLE_SOC_PERIPHERAL.a(ll.o)
 .debug_frame   0x00005040       0x48 C:\Program Files (x86)\Cypress\PSoC Creator\3.3\PSoC Creator\psoc\content\cycomponentlibrary\CyComponentLibrary.cylib\BLE_v3_10\Library\gccCyBLEStack_BLE_SOC_PERIPHERAL.a(ll.o)
 .debug_frame   0x00005088       0x44 C:\Program Files (x86)\Cypress\PSoC Creator\3.3\PSoC Creator\psoc\content\cycomponentlibrary\CyComponentLibrary.cylib\BLE_v3_10\Library\gccCyBLEStack_BLE_SOC_PERIPHERAL.a(ll.o)
 .debug_frame   0x000050cc       0x44 C:\Program Files (x86)\Cypress\PSoC Creator\3.3\PSoC Creator\psoc\content\cycomponentlibrary\CyComponentLibrary.cylib\BLE_v3_10\Library\gccCyBLEStack_BLE_SOC_PERIPHERAL.a(ll.o)
 .debug_frame   0x00005110       0x3c C:\Program Files (x86)\Cypress\PSoC Creator\3.3\PSoC Creator\psoc\content\cycomponentlibrary\CyComponentLibrary.cylib\BLE_v3_10\Library\gccCyBLEStack_BLE_SOC_PERIPHERAL.a(ll_advertiser.o)
 .debug_frame   0x0000514c       0x48 C:\Program Files (x86)\Cypress\PSoC Creator\3.3\PSoC Creator\psoc\content\cycomponentlibrary\CyComponentLibrary.cylib\BLE_v3_10\Library\gccCyBLEStack_BLE_SOC_PERIPHERAL.a(ll_advertiser.o)
 .debug_frame   0x00005194       0x48 C:\Program Files (x86)\Cypress\PSoC Creator\3.3\PSoC Creator\psoc\content\cycomponentlibrary\CyComponentLibrary.cylib\BLE_v3_10\Library\gccCyBLEStack_BLE_SOC_PERIPHERAL.a(ll_advertiser.o)
 .debug_frame   0x000051dc       0x3c C:\Program Files (x86)\Cypress\PSoC Creator\3.3\PSoC Creator\psoc\content\cycomponentlibrary\CyComponentLibrary.cylib\BLE_v3_10\Library\gccCyBLEStack_BLE_SOC_PERIPHERAL.a(ll_advertiser.o)
 .debug_frame   0x00005218       0x48 C:\Program Files (x86)\Cypress\PSoC Creator\3.3\PSoC Creator\psoc\content\cycomponentlibrary\CyComponentLibrary.cylib\BLE_v3_10\Library\gccCyBLEStack_BLE_SOC_PERIPHERAL.a(ll_advertiser.o)
 .debug_frame   0x00005260       0x44 C:\Program Files (x86)\Cypress\PSoC Creator\3.3\PSoC Creator\psoc\content\cycomponentlibrary\CyComponentLibrary.cylib\BLE_v3_10\Library\gccCyBLEStack_BLE_SOC_PERIPHERAL.a(ll_advertiser.o)
 .debug_frame   0x000052a4       0x44 C:\Program Files (x86)\Cypress\PSoC Creator\3.3\PSoC Creator\psoc\content\cycomponentlibrary\CyComponentLibrary.cylib\BLE_v3_10\Library\gccCyBLEStack_BLE_SOC_PERIPHERAL.a(ll_advertiser.o)
 .debug_frame   0x000052e8       0x44 C:\Program Files (x86)\Cypress\PSoC Creator\3.3\PSoC Creator\psoc\content\cycomponentlibrary\CyComponentLibrary.cylib\BLE_v3_10\Library\gccCyBLEStack_BLE_SOC_PERIPHERAL.a(ll_advertiser.o)
 .debug_frame   0x0000532c       0x48 C:\Program Files (x86)\Cypress\PSoC Creator\3.3\PSoC Creator\psoc\content\cycomponentlibrary\CyComponentLibrary.cylib\BLE_v3_10\Library\gccCyBLEStack_BLE_SOC_PERIPHERAL.a(ll_advertiser.o)
 .debug_frame   0x00005374       0x44 C:\Program Files (x86)\Cypress\PSoC Creator\3.3\PSoC Creator\psoc\content\cycomponentlibrary\CyComponentLibrary.cylib\BLE_v3_10\Library\gccCyBLEStack_BLE_SOC_PERIPHERAL.a(ll_advertiser.o)
 .debug_frame   0x000053b8       0x44 C:\Program Files (x86)\Cypress\PSoC Creator\3.3\PSoC Creator\psoc\content\cycomponentlibrary\CyComponentLibrary.cylib\BLE_v3_10\Library\gccCyBLEStack_BLE_SOC_PERIPHERAL.a(ll_advertiser.o)
 .debug_frame   0x000053fc       0x44 C:\Program Files (x86)\Cypress\PSoC Creator\3.3\PSoC Creator\psoc\content\cycomponentlibrary\CyComponentLibrary.cylib\BLE_v3_10\Library\gccCyBLEStack_BLE_SOC_PERIPHERAL.a(ll_advertiser.o)
 .debug_frame   0x00005440       0x3c C:\Program Files (x86)\Cypress\PSoC Creator\3.3\PSoC Creator\psoc\content\cycomponentlibrary\CyComponentLibrary.cylib\BLE_v3_10\Library\gccCyBLEStack_BLE_SOC_PERIPHERAL.a(ll_connection.o)
 .debug_frame   0x0000547c       0x3c C:\Program Files (x86)\Cypress\PSoC Creator\3.3\PSoC Creator\psoc\content\cycomponentlibrary\CyComponentLibrary.cylib\BLE_v3_10\Library\gccCyBLEStack_BLE_SOC_PERIPHERAL.a(ll_connection.o)
 .debug_frame   0x000054b8       0x3c C:\Program Files (x86)\Cypress\PSoC Creator\3.3\PSoC Creator\psoc\content\cycomponentlibrary\CyComponentLibrary.cylib\BLE_v3_10\Library\gccCyBLEStack_BLE_SOC_PERIPHERAL.a(ll_connection.o)
 .debug_frame   0x000054f4       0x3c C:\Program Files (x86)\Cypress\PSoC Creator\3.3\PSoC Creator\psoc\content\cycomponentlibrary\CyComponentLibrary.cylib\BLE_v3_10\Library\gccCyBLEStack_BLE_SOC_PERIPHERAL.a(ll_connection.o)
 .debug_frame   0x00005530       0x3c C:\Program Files (x86)\Cypress\PSoC Creator\3.3\PSoC Creator\psoc\content\cycomponentlibrary\CyComponentLibrary.cylib\BLE_v3_10\Library\gccCyBLEStack_BLE_SOC_PERIPHERAL.a(ll_connection.o)
 .debug_frame   0x0000556c       0x54 C:\Program Files (x86)\Cypress\PSoC Creator\3.3\PSoC Creator\psoc\content\cycomponentlibrary\CyComponentLibrary.cylib\BLE_v3_10\Library\gccCyBLEStack_BLE_SOC_PERIPHERAL.a(ll_connection.o)
 .debug_frame   0x000055c0       0x3c C:\Program Files (x86)\Cypress\PSoC Creator\3.3\PSoC Creator\psoc\content\cycomponentlibrary\CyComponentLibrary.cylib\BLE_v3_10\Library\gccCyBLEStack_BLE_SOC_PERIPHERAL.a(ll_connection.o)
 .debug_frame   0x000055fc       0x4c C:\Program Files (x86)\Cypress\PSoC Creator\3.3\PSoC Creator\psoc\content\cycomponentlibrary\CyComponentLibrary.cylib\BLE_v3_10\Library\gccCyBLEStack_BLE_SOC_PERIPHERAL.a(ll_connection.o)